[2026-06-01T02:31:39.399+0000] {local_task_job_runner.py:123} INFO - ::group::Pre task execution logs
[2026-06-01T02:31:39.413+0000] {taskinstance.py:2614} INFO - Dependencies all met for dep_context=non-requeueable deps ti=<TaskInstance: healthcare_claims_data_platform.silver_transformations manual__2026-06-01T02:31:18.797941+00:00 [queued]>
[2026-06-01T02:31:39.423+0000] {taskinstance.py:2614} INFO - Dependencies all met for dep_context=requeueable deps ti=<TaskInstance: healthcare_claims_data_platform.silver_transformations manual__2026-06-01T02:31:18.797941+00:00 [queued]>
[2026-06-01T02:31:39.423+0000] {taskinstance.py:2867} INFO - Starting attempt 1 of 2
[2026-06-01T02:31:39.442+0000] {taskinstance.py:2890} INFO - Executing <Task(PythonOperator): silver_transformations> on 2026-06-01 02:31:18.797941+00:00
[2026-06-01T02:31:39.445+0000] {standard_task_runner.py:72} INFO - Started process 479 to run task
[2026-06-01T02:31:39.448+0000] {standard_task_runner.py:104} INFO - Running: ['airflow', 'tasks', 'run', 'healthcare_claims_data_platform', 'silver_transformations', 'manual__2026-06-01T02:31:18.797941+00:00', '--job-id', '16', '--raw', '--subdir', 'DAGS_FOLDER/healthcare_claims_pipeline_dag.py', '--cfg-path', '/tmp/tmp449labwh']
[2026-06-01T02:31:39.450+0000] {standard_task_runner.py:105} INFO - Job 16: Subtask silver_transformations
[2026-06-01T02:31:39.510+0000] {task_command.py:467} INFO - Running <TaskInstance: healthcare_claims_data_platform.silver_transformations manual__2026-06-01T02:31:18.797941+00:00 [running]> on host e1d1798bde02
[2026-06-01T02:31:39.585+0000] {taskinstance.py:3134} INFO - Exporting env vars: AIRFLOW_CTX_DAG_OWNER='janardhan' AIRFLOW_CTX_DAG_ID='healthcare_claims_data_platform' AIRFLOW_CTX_TASK_ID='silver_transformations' AIRFLOW_CTX_EXECUTION_DATE='2026-06-01T02:31:18.797941+00:00' AIRFLOW_CTX_TRY_NUMBER='1' AIRFLOW_CTX_DAG_RUN_ID='manual__2026-06-01T02:31:18.797941+00:00'
[2026-06-01T02:31:39.586+0000] {taskinstance.py:732} INFO - ::endgroup::
[2026-06-01T02:31:39.595+0000] {logging_mixin.py:190} INFO - ================================================================================
[2026-06-01T02:31:39.595+0000] {logging_mixin.py:190} INFO - Running script: /opt/airflow/scripts/silver_transformations.py
[2026-06-01T02:32:00.288+0000] {logging_mixin.py:190} INFO - STDOUT:
[2026-06-01T02:32:00.289+0000] {logging_mixin.py:190} INFO - ================================================================================
Reading Bronze table: patients
Input path: /opt/airflow/data/bronze/patients/patients_bronze.csv
Bronze count for patients: 1000
================================================================================
Reading Bronze table: providers
Input path: /opt/airflow/data/bronze/providers/providers_bronze.csv
Bronze count for providers: 100
================================================================================
Reading Bronze table: claims
Input path: /opt/airflow/data/bronze/claims/claims_bronze.csv
Bronze count for claims: 5003
================================================================================
Reading Bronze table: payments
Input path: /opt/airflow/data/bronze/payments/payments_bronze.csv
Bronze count for payments: 4000
================================================================================
Reading Bronze table: claim_status_history
Input path: /opt/airflow/data/bronze/claim_status_history/claim_status_history_bronze.csv
Bronze count for claim_status_history: 10000
================================================================================
Starting Silver transformations...
================================================================================
Silver record counts:
Patients clean count: 1000
Providers clean count: 100
Payments clean count: 4000
Claim status history clean count: 10000
Claims valid count: 5000
Claims invalid count: 3
================================================================================
Writing Silver outputs...
Written file: /opt/airflow/data/silver/patients_clean/patients_clean.csv
Record count: 1000
Written file: /opt/airflow/data/silver/providers_clean/providers_clean.csv
Record count: 100
Written file: /opt/airflow/data/silver/payments_clean/payments_clean.csv
Record count: 4000
Written file: /opt/airflow/data/silver/claim_status_history_clean/claim_status_history_clean.csv
Record count: 10000
Written file: /opt/airflow/data/silver/claims_clean/claims_clean.csv
Record count: 5000
Written file: /opt/airflow/data/error/claims_invalid/claims_invalid.csv
Record count: 3
================================================================================
Silver transformation completed successfully.
[2026-06-01T02:32:00.290+0000] {logging_mixin.py:190} INFO - STDERR:
[2026-06-01T02:32:00.290+0000] {logging_mixin.py:190} INFO - WARNING: Using incubator modules: jdk.incubator.vector
Using Spark's default log4j profile: org/apache/spark/log4j2-defaults.properties
Setting default log level to "WARN".
To adjust logging level use sc.setLogLevel(newLevel). For SparkR, use setLogLevel(newLevel).
26/06/01 02:31:42 WARN NativeCodeLoader: Unable to load native-hadoop library for your platform... using builtin-java classes where applicable

[Stage 46:>                                                         (0 + 1) / 1]

                                                                                
26/06/01 02:31:58 WARN SparkStringUtils: Truncated the string representation of a plan since it was too large. This behavior can be adjusted by setting 'spark.sql.debug.maxToStringFields'.
[2026-06-01T02:32:00.290+0000] {python.py:240} INFO - Done. Returned value was: None
[2026-06-01T02:32:00.303+0000] {taskinstance.py:341} INFO - ::group::Post task execution logs
[2026-06-01T02:32:00.304+0000] {taskinstance.py:353} INFO - Marking task as SUCCESS. dag_id=healthcare_claims_data_platform, task_id=silver_transformations, run_id=manual__2026-06-01T02:31:18.797941+00:00, execution_date=20260601T023118, start_date=20260601T023139, end_date=20260601T023200
[2026-06-01T02:32:00.382+0000] {local_task_job_runner.py:266} INFO - Task exited with return code 0
[2026-06-01T02:32:00.414+0000] {taskinstance.py:3901} INFO - 1 downstream tasks scheduled from follow-on schedule check
[2026-06-01T02:32:00.423+0000] {local_task_job_runner.py:245} INFO - ::endgroup::
