[2026-06-01T01:51:17.436+0000] {processor.py:186} INFO - Started process (PID=43) to work on /opt/airflow/dags/healthcare_claims_pipeline_dag.py
[2026-06-01T01:51:17.437+0000] {processor.py:914} INFO - Processing file /opt/airflow/dags/healthcare_claims_pipeline_dag.py for tasks to queue
[2026-06-01T01:51:17.439+0000] {logging_mixin.py:190} INFO - [2026-06-01T01:51:17.439+0000] {dagbag.py:588} INFO - Filling up the DagBag from /opt/airflow/dags/healthcare_claims_pipeline_dag.py
[2026-06-01T01:51:17.471+0000] {processor.py:925} INFO - DAG(s) 'healthcare_claims_data_platform' retrieved from /opt/airflow/dags/healthcare_claims_pipeline_dag.py
[2026-06-01T01:51:17.648+0000] {logging_mixin.py:190} INFO - [2026-06-01T01:51:17.648+0000] {override.py:1912} INFO - Created Permission View: can delete on DAG:healthcare_claims_data_platform
[2026-06-01T01:51:17.667+0000] {logging_mixin.py:190} INFO - [2026-06-01T01:51:17.666+0000] {override.py:1912} INFO - Created Permission View: can edit on DAG:healthcare_claims_data_platform
[2026-06-01T01:51:17.686+0000] {logging_mixin.py:190} INFO - [2026-06-01T01:51:17.686+0000] {override.py:1912} INFO - Created Permission View: can read on DAG:healthcare_claims_data_platform
[2026-06-01T01:51:17.718+0000] {logging_mixin.py:190} INFO - [2026-06-01T01:51:17.718+0000] {override.py:1912} INFO - Created Permission View: can delete on DAG Run:healthcare_claims_data_platform
[2026-06-01T01:51:17.736+0000] {logging_mixin.py:190} INFO - [2026-06-01T01:51:17.736+0000] {override.py:1912} INFO - Created Permission View: menu access on DAG Run:healthcare_claims_data_platform
[2026-06-01T01:51:17.754+0000] {logging_mixin.py:190} INFO - [2026-06-01T01:51:17.754+0000] {override.py:1912} INFO - Created Permission View: can create on DAG Run:healthcare_claims_data_platform
[2026-06-01T01:51:17.772+0000] {logging_mixin.py:190} INFO - [2026-06-01T01:51:17.771+0000] {override.py:1912} INFO - Created Permission View: can read on DAG Run:healthcare_claims_data_platform
[2026-06-01T01:51:17.772+0000] {logging_mixin.py:190} INFO - [2026-06-01T01:51:17.772+0000] {dag.py:3239} INFO - Sync 1 DAGs
[2026-06-01T01:51:17.784+0000] {logging_mixin.py:190} INFO - [2026-06-01T01:51:17.784+0000] {dag.py:3262} INFO - Creating ORM DAG for healthcare_claims_data_platform
[2026-06-01T01:51:17.793+0000] {logging_mixin.py:190} INFO - [2026-06-01T01:51:17.793+0000] {dag.py:4180} INFO - Setting next_dagrun for healthcare_claims_data_platform to 2026-05-31 00:00:00+00:00, run_after=2026-06-01 00:00:00+00:00
[2026-06-01T01:51:17.822+0000] {processor.py:208} INFO - Processing /opt/airflow/dags/healthcare_claims_pipeline_dag.py took 0.392 seconds
[2026-06-01T01:51:48.111+0000] {processor.py:186} INFO - Started process (PID=44) to work on /opt/airflow/dags/healthcare_claims_pipeline_dag.py
[2026-06-01T01:51:48.112+0000] {processor.py:914} INFO - Processing file /opt/airflow/dags/healthcare_claims_pipeline_dag.py for tasks to queue
[2026-06-01T01:51:48.114+0000] {logging_mixin.py:190} INFO - [2026-06-01T01:51:48.114+0000] {dagbag.py:588} INFO - Filling up the DagBag from /opt/airflow/dags/healthcare_claims_pipeline_dag.py
[2026-06-01T01:51:48.129+0000] {processor.py:925} INFO - DAG(s) 'healthcare_claims_data_platform' retrieved from /opt/airflow/dags/healthcare_claims_pipeline_dag.py
[2026-06-01T01:51:48.157+0000] {logging_mixin.py:190} INFO - [2026-06-01T01:51:48.156+0000] {dag.py:3239} INFO - Sync 1 DAGs
[2026-06-01T01:51:48.179+0000] {logging_mixin.py:190} INFO - [2026-06-01T01:51:48.179+0000] {dag.py:4180} INFO - Setting next_dagrun for healthcare_claims_data_platform to 2026-05-31 00:00:00+00:00, run_after=2026-06-01 00:00:00+00:00
[2026-06-01T01:51:48.210+0000] {processor.py:208} INFO - Processing /opt/airflow/dags/healthcare_claims_pipeline_dag.py took 0.104 seconds
[2026-06-01T01:52:18.400+0000] {processor.py:186} INFO - Started process (PID=93) to work on /opt/airflow/dags/healthcare_claims_pipeline_dag.py
[2026-06-01T01:52:18.401+0000] {processor.py:914} INFO - Processing file /opt/airflow/dags/healthcare_claims_pipeline_dag.py for tasks to queue
[2026-06-01T01:52:18.402+0000] {logging_mixin.py:190} INFO - [2026-06-01T01:52:18.402+0000] {dagbag.py:588} INFO - Filling up the DagBag from /opt/airflow/dags/healthcare_claims_pipeline_dag.py
[2026-06-01T01:52:18.416+0000] {processor.py:925} INFO - DAG(s) 'healthcare_claims_data_platform' retrieved from /opt/airflow/dags/healthcare_claims_pipeline_dag.py
[2026-06-01T01:52:18.442+0000] {logging_mixin.py:190} INFO - [2026-06-01T01:52:18.441+0000] {dag.py:3239} INFO - Sync 1 DAGs
[2026-06-01T01:52:18.465+0000] {logging_mixin.py:190} INFO - [2026-06-01T01:52:18.464+0000] {dag.py:4180} INFO - Setting next_dagrun for healthcare_claims_data_platform to 2026-06-01 00:00:00+00:00, run_after=2026-06-02 00:00:00+00:00
[2026-06-01T01:52:18.501+0000] {processor.py:208} INFO - Processing /opt/airflow/dags/healthcare_claims_pipeline_dag.py took 0.105 seconds
[2026-06-01T01:52:49.169+0000] {processor.py:186} INFO - Started process (PID=94) to work on /opt/airflow/dags/healthcare_claims_pipeline_dag.py
[2026-06-01T01:52:49.170+0000] {processor.py:914} INFO - Processing file /opt/airflow/dags/healthcare_claims_pipeline_dag.py for tasks to queue
[2026-06-01T01:52:49.172+0000] {logging_mixin.py:190} INFO - [2026-06-01T01:52:49.172+0000] {dagbag.py:588} INFO - Filling up the DagBag from /opt/airflow/dags/healthcare_claims_pipeline_dag.py
[2026-06-01T01:52:49.190+0000] {processor.py:925} INFO - DAG(s) 'healthcare_claims_data_platform' retrieved from /opt/airflow/dags/healthcare_claims_pipeline_dag.py
[2026-06-01T01:52:49.225+0000] {logging_mixin.py:190} INFO - [2026-06-01T01:52:49.225+0000] {dag.py:3239} INFO - Sync 1 DAGs
[2026-06-01T01:52:49.250+0000] {logging_mixin.py:190} INFO - [2026-06-01T01:52:49.249+0000] {dag.py:4180} INFO - Setting next_dagrun for healthcare_claims_data_platform to 2026-06-01 00:00:00+00:00, run_after=2026-06-02 00:00:00+00:00
[2026-06-01T01:52:49.282+0000] {processor.py:208} INFO - Processing /opt/airflow/dags/healthcare_claims_pipeline_dag.py took 0.119 seconds
[2026-06-01T01:53:20.137+0000] {processor.py:186} INFO - Started process (PID=115) to work on /opt/airflow/dags/healthcare_claims_pipeline_dag.py
[2026-06-01T01:53:20.138+0000] {processor.py:914} INFO - Processing file /opt/airflow/dags/healthcare_claims_pipeline_dag.py for tasks to queue
[2026-06-01T01:53:20.140+0000] {logging_mixin.py:190} INFO - [2026-06-01T01:53:20.139+0000] {dagbag.py:588} INFO - Filling up the DagBag from /opt/airflow/dags/healthcare_claims_pipeline_dag.py
[2026-06-01T01:53:20.153+0000] {processor.py:925} INFO - DAG(s) 'healthcare_claims_data_platform' retrieved from /opt/airflow/dags/healthcare_claims_pipeline_dag.py
[2026-06-01T01:53:20.174+0000] {logging_mixin.py:190} INFO - [2026-06-01T01:53:20.174+0000] {dag.py:3239} INFO - Sync 1 DAGs
[2026-06-01T01:53:20.193+0000] {logging_mixin.py:190} INFO - [2026-06-01T01:53:20.193+0000] {dag.py:4180} INFO - Setting next_dagrun for healthcare_claims_data_platform to 2026-06-01 00:00:00+00:00, run_after=2026-06-02 00:00:00+00:00
[2026-06-01T01:53:20.225+0000] {processor.py:208} INFO - Processing /opt/airflow/dags/healthcare_claims_pipeline_dag.py took 0.091 seconds
[2026-06-01T01:53:51.224+0000] {processor.py:186} INFO - Started process (PID=144) to work on /opt/airflow/dags/healthcare_claims_pipeline_dag.py
[2026-06-01T01:53:51.238+0000] {processor.py:914} INFO - Processing file /opt/airflow/dags/healthcare_claims_pipeline_dag.py for tasks to queue
[2026-06-01T01:53:51.245+0000] {logging_mixin.py:190} INFO - [2026-06-01T01:53:51.245+0000] {dagbag.py:588} INFO - Filling up the DagBag from /opt/airflow/dags/healthcare_claims_pipeline_dag.py
[2026-06-01T01:53:51.350+0000] {processor.py:925} INFO - DAG(s) 'healthcare_claims_data_platform' retrieved from /opt/airflow/dags/healthcare_claims_pipeline_dag.py
[2026-06-01T01:53:51.457+0000] {logging_mixin.py:190} INFO - [2026-06-01T01:53:51.457+0000] {dag.py:3239} INFO - Sync 1 DAGs
[2026-06-01T01:53:51.481+0000] {logging_mixin.py:190} INFO - [2026-06-01T01:53:51.481+0000] {dag.py:4180} INFO - Setting next_dagrun for healthcare_claims_data_platform to 2026-06-01 00:00:00+00:00, run_after=2026-06-02 00:00:00+00:00
[2026-06-01T01:53:51.527+0000] {processor.py:208} INFO - Processing /opt/airflow/dags/healthcare_claims_pipeline_dag.py took 0.323 seconds
[2026-06-01T01:54:22.658+0000] {processor.py:186} INFO - Started process (PID=173) to work on /opt/airflow/dags/healthcare_claims_pipeline_dag.py
[2026-06-01T01:54:22.660+0000] {processor.py:914} INFO - Processing file /opt/airflow/dags/healthcare_claims_pipeline_dag.py for tasks to queue
[2026-06-01T01:54:22.662+0000] {logging_mixin.py:190} INFO - [2026-06-01T01:54:22.662+0000] {dagbag.py:588} INFO - Filling up the DagBag from /opt/airflow/dags/healthcare_claims_pipeline_dag.py
[2026-06-01T01:54:22.677+0000] {processor.py:925} INFO - DAG(s) 'healthcare_claims_data_platform' retrieved from /opt/airflow/dags/healthcare_claims_pipeline_dag.py
[2026-06-01T01:54:22.699+0000] {logging_mixin.py:190} INFO - [2026-06-01T01:54:22.699+0000] {dag.py:3239} INFO - Sync 1 DAGs
[2026-06-01T01:54:22.717+0000] {logging_mixin.py:190} INFO - [2026-06-01T01:54:22.717+0000] {dag.py:4180} INFO - Setting next_dagrun for healthcare_claims_data_platform to 2026-06-01 00:00:00+00:00, run_after=2026-06-02 00:00:00+00:00
[2026-06-01T01:54:22.750+0000] {processor.py:208} INFO - Processing /opt/airflow/dags/healthcare_claims_pipeline_dag.py took 0.095 seconds
[2026-06-01T01:54:53.417+0000] {processor.py:186} INFO - Started process (PID=174) to work on /opt/airflow/dags/healthcare_claims_pipeline_dag.py
[2026-06-01T01:54:53.419+0000] {processor.py:914} INFO - Processing file /opt/airflow/dags/healthcare_claims_pipeline_dag.py for tasks to queue
[2026-06-01T01:54:53.423+0000] {logging_mixin.py:190} INFO - [2026-06-01T01:54:53.422+0000] {dagbag.py:588} INFO - Filling up the DagBag from /opt/airflow/dags/healthcare_claims_pipeline_dag.py
[2026-06-01T01:54:53.486+0000] {processor.py:925} INFO - DAG(s) 'healthcare_claims_data_platform' retrieved from /opt/airflow/dags/healthcare_claims_pipeline_dag.py
[2026-06-01T01:54:53.524+0000] {logging_mixin.py:190} INFO - [2026-06-01T01:54:53.523+0000] {dag.py:3239} INFO - Sync 1 DAGs
[2026-06-01T01:54:53.554+0000] {logging_mixin.py:190} INFO - [2026-06-01T01:54:53.554+0000] {dag.py:4180} INFO - Setting next_dagrun for healthcare_claims_data_platform to 2026-06-01 00:00:00+00:00, run_after=2026-06-02 00:00:00+00:00
[2026-06-01T01:54:53.594+0000] {processor.py:208} INFO - Processing /opt/airflow/dags/healthcare_claims_pipeline_dag.py took 0.184 seconds
[2026-06-01T01:55:24.120+0000] {processor.py:186} INFO - Started process (PID=175) to work on /opt/airflow/dags/healthcare_claims_pipeline_dag.py
[2026-06-01T01:55:24.122+0000] {processor.py:914} INFO - Processing file /opt/airflow/dags/healthcare_claims_pipeline_dag.py for tasks to queue
[2026-06-01T01:55:24.124+0000] {logging_mixin.py:190} INFO - [2026-06-01T01:55:24.124+0000] {dagbag.py:588} INFO - Filling up the DagBag from /opt/airflow/dags/healthcare_claims_pipeline_dag.py
[2026-06-01T01:55:24.176+0000] {processor.py:925} INFO - DAG(s) 'healthcare_claims_data_platform' retrieved from /opt/airflow/dags/healthcare_claims_pipeline_dag.py
[2026-06-01T01:55:24.208+0000] {logging_mixin.py:190} INFO - [2026-06-01T01:55:24.208+0000] {dag.py:3239} INFO - Sync 1 DAGs
[2026-06-01T01:55:24.231+0000] {logging_mixin.py:190} INFO - [2026-06-01T01:55:24.231+0000] {dag.py:4180} INFO - Setting next_dagrun for healthcare_claims_data_platform to 2026-06-01 00:00:00+00:00, run_after=2026-06-02 00:00:00+00:00
[2026-06-01T01:55:24.263+0000] {processor.py:208} INFO - Processing /opt/airflow/dags/healthcare_claims_pipeline_dag.py took 0.147 seconds
[2026-06-01T01:55:54.716+0000] {processor.py:186} INFO - Started process (PID=204) to work on /opt/airflow/dags/healthcare_claims_pipeline_dag.py
[2026-06-01T01:55:54.718+0000] {processor.py:914} INFO - Processing file /opt/airflow/dags/healthcare_claims_pipeline_dag.py for tasks to queue
[2026-06-01T01:55:54.721+0000] {logging_mixin.py:190} INFO - [2026-06-01T01:55:54.720+0000] {dagbag.py:588} INFO - Filling up the DagBag from /opt/airflow/dags/healthcare_claims_pipeline_dag.py
[2026-06-01T01:55:54.738+0000] {processor.py:925} INFO - DAG(s) 'healthcare_claims_data_platform' retrieved from /opt/airflow/dags/healthcare_claims_pipeline_dag.py
[2026-06-01T01:55:54.768+0000] {logging_mixin.py:190} INFO - [2026-06-01T01:55:54.768+0000] {dag.py:3239} INFO - Sync 1 DAGs
[2026-06-01T01:55:54.792+0000] {logging_mixin.py:190} INFO - [2026-06-01T01:55:54.792+0000] {dag.py:4180} INFO - Setting next_dagrun for healthcare_claims_data_platform to 2026-06-01 00:00:00+00:00, run_after=2026-06-02 00:00:00+00:00
[2026-06-01T01:55:54.828+0000] {processor.py:208} INFO - Processing /opt/airflow/dags/healthcare_claims_pipeline_dag.py took 0.121 seconds
[2026-06-01T01:56:25.634+0000] {processor.py:186} INFO - Started process (PID=205) to work on /opt/airflow/dags/healthcare_claims_pipeline_dag.py
[2026-06-01T01:56:25.635+0000] {processor.py:914} INFO - Processing file /opt/airflow/dags/healthcare_claims_pipeline_dag.py for tasks to queue
[2026-06-01T01:56:25.637+0000] {logging_mixin.py:190} INFO - [2026-06-01T01:56:25.637+0000] {dagbag.py:588} INFO - Filling up the DagBag from /opt/airflow/dags/healthcare_claims_pipeline_dag.py
[2026-06-01T01:56:25.655+0000] {processor.py:925} INFO - DAG(s) 'healthcare_claims_data_platform' retrieved from /opt/airflow/dags/healthcare_claims_pipeline_dag.py
[2026-06-01T01:56:25.689+0000] {logging_mixin.py:190} INFO - [2026-06-01T01:56:25.689+0000] {dag.py:3239} INFO - Sync 1 DAGs
[2026-06-01T01:56:25.715+0000] {logging_mixin.py:190} INFO - [2026-06-01T01:56:25.715+0000] {dag.py:4180} INFO - Setting next_dagrun for healthcare_claims_data_platform to 2026-06-01 00:00:00+00:00, run_after=2026-06-02 00:00:00+00:00
[2026-06-01T01:56:25.756+0000] {processor.py:208} INFO - Processing /opt/airflow/dags/healthcare_claims_pipeline_dag.py took 0.129 seconds
[2026-06-01T01:56:56.825+0000] {processor.py:186} INFO - Started process (PID=206) to work on /opt/airflow/dags/healthcare_claims_pipeline_dag.py
[2026-06-01T01:56:56.827+0000] {processor.py:914} INFO - Processing file /opt/airflow/dags/healthcare_claims_pipeline_dag.py for tasks to queue
[2026-06-01T01:56:56.830+0000] {logging_mixin.py:190} INFO - [2026-06-01T01:56:56.830+0000] {dagbag.py:588} INFO - Filling up the DagBag from /opt/airflow/dags/healthcare_claims_pipeline_dag.py
[2026-06-01T01:56:56.898+0000] {processor.py:925} INFO - DAG(s) 'healthcare_claims_data_platform' retrieved from /opt/airflow/dags/healthcare_claims_pipeline_dag.py
[2026-06-01T01:56:56.957+0000] {logging_mixin.py:190} INFO - [2026-06-01T01:56:56.956+0000] {dag.py:3239} INFO - Sync 1 DAGs
[2026-06-01T01:56:56.985+0000] {logging_mixin.py:190} INFO - [2026-06-01T01:56:56.985+0000] {dag.py:4180} INFO - Setting next_dagrun for healthcare_claims_data_platform to 2026-06-01 00:00:00+00:00, run_after=2026-06-02 00:00:00+00:00
[2026-06-01T01:56:57.056+0000] {processor.py:208} INFO - Processing /opt/airflow/dags/healthcare_claims_pipeline_dag.py took 0.238 seconds
[2026-06-01T01:57:27.729+0000] {processor.py:186} INFO - Started process (PID=207) to work on /opt/airflow/dags/healthcare_claims_pipeline_dag.py
[2026-06-01T01:57:27.731+0000] {processor.py:914} INFO - Processing file /opt/airflow/dags/healthcare_claims_pipeline_dag.py for tasks to queue
[2026-06-01T01:57:27.733+0000] {logging_mixin.py:190} INFO - [2026-06-01T01:57:27.733+0000] {dagbag.py:588} INFO - Filling up the DagBag from /opt/airflow/dags/healthcare_claims_pipeline_dag.py
[2026-06-01T01:57:27.753+0000] {processor.py:925} INFO - DAG(s) 'healthcare_claims_data_platform' retrieved from /opt/airflow/dags/healthcare_claims_pipeline_dag.py
[2026-06-01T01:57:27.787+0000] {logging_mixin.py:190} INFO - [2026-06-01T01:57:27.787+0000] {dag.py:3239} INFO - Sync 1 DAGs
[2026-06-01T01:57:27.807+0000] {logging_mixin.py:190} INFO - [2026-06-01T01:57:27.807+0000] {dag.py:4180} INFO - Setting next_dagrun for healthcare_claims_data_platform to 2026-06-01 00:00:00+00:00, run_after=2026-06-02 00:00:00+00:00
[2026-06-01T01:57:27.839+0000] {processor.py:208} INFO - Processing /opt/airflow/dags/healthcare_claims_pipeline_dag.py took 0.116 seconds
[2026-06-01T01:57:58.898+0000] {processor.py:186} INFO - Started process (PID=208) to work on /opt/airflow/dags/healthcare_claims_pipeline_dag.py
[2026-06-01T01:57:58.900+0000] {processor.py:914} INFO - Processing file /opt/airflow/dags/healthcare_claims_pipeline_dag.py for tasks to queue
[2026-06-01T01:57:58.902+0000] {logging_mixin.py:190} INFO - [2026-06-01T01:57:58.902+0000] {dagbag.py:588} INFO - Filling up the DagBag from /opt/airflow/dags/healthcare_claims_pipeline_dag.py
[2026-06-01T01:57:58.929+0000] {processor.py:925} INFO - DAG(s) 'healthcare_claims_data_platform' retrieved from /opt/airflow/dags/healthcare_claims_pipeline_dag.py
[2026-06-01T01:57:58.962+0000] {logging_mixin.py:190} INFO - [2026-06-01T01:57:58.961+0000] {dag.py:3239} INFO - Sync 1 DAGs
[2026-06-01T01:57:58.985+0000] {logging_mixin.py:190} INFO - [2026-06-01T01:57:58.985+0000] {dag.py:4180} INFO - Setting next_dagrun for healthcare_claims_data_platform to 2026-06-01 00:00:00+00:00, run_after=2026-06-02 00:00:00+00:00
[2026-06-01T01:57:59.024+0000] {processor.py:208} INFO - Processing /opt/airflow/dags/healthcare_claims_pipeline_dag.py took 0.131 seconds
[2026-06-01T01:58:30.175+0000] {processor.py:186} INFO - Started process (PID=209) to work on /opt/airflow/dags/healthcare_claims_pipeline_dag.py
[2026-06-01T01:58:30.176+0000] {processor.py:914} INFO - Processing file /opt/airflow/dags/healthcare_claims_pipeline_dag.py for tasks to queue
[2026-06-01T01:58:30.178+0000] {logging_mixin.py:190} INFO - [2026-06-01T01:58:30.178+0000] {dagbag.py:588} INFO - Filling up the DagBag from /opt/airflow/dags/healthcare_claims_pipeline_dag.py
[2026-06-01T01:58:30.194+0000] {processor.py:925} INFO - DAG(s) 'healthcare_claims_data_platform' retrieved from /opt/airflow/dags/healthcare_claims_pipeline_dag.py
[2026-06-01T01:58:30.219+0000] {logging_mixin.py:190} INFO - [2026-06-01T01:58:30.219+0000] {dag.py:3239} INFO - Sync 1 DAGs
[2026-06-01T01:58:30.242+0000] {logging_mixin.py:190} INFO - [2026-06-01T01:58:30.242+0000] {dag.py:4180} INFO - Setting next_dagrun for healthcare_claims_data_platform to 2026-06-01 00:00:00+00:00, run_after=2026-06-02 00:00:00+00:00
[2026-06-01T01:58:30.273+0000] {processor.py:208} INFO - Processing /opt/airflow/dags/healthcare_claims_pipeline_dag.py took 0.102 seconds
[2026-06-01T01:59:00.662+0000] {processor.py:186} INFO - Started process (PID=210) to work on /opt/airflow/dags/healthcare_claims_pipeline_dag.py
[2026-06-01T01:59:00.663+0000] {processor.py:914} INFO - Processing file /opt/airflow/dags/healthcare_claims_pipeline_dag.py for tasks to queue
[2026-06-01T01:59:00.665+0000] {logging_mixin.py:190} INFO - [2026-06-01T01:59:00.665+0000] {dagbag.py:588} INFO - Filling up the DagBag from /opt/airflow/dags/healthcare_claims_pipeline_dag.py
[2026-06-01T01:59:00.683+0000] {processor.py:925} INFO - DAG(s) 'healthcare_claims_data_platform' retrieved from /opt/airflow/dags/healthcare_claims_pipeline_dag.py
[2026-06-01T01:59:00.715+0000] {logging_mixin.py:190} INFO - [2026-06-01T01:59:00.715+0000] {dag.py:3239} INFO - Sync 1 DAGs
[2026-06-01T01:59:00.737+0000] {logging_mixin.py:190} INFO - [2026-06-01T01:59:00.737+0000] {dag.py:4180} INFO - Setting next_dagrun for healthcare_claims_data_platform to 2026-06-01 00:00:00+00:00, run_after=2026-06-02 00:00:00+00:00
[2026-06-01T01:59:00.774+0000] {processor.py:208} INFO - Processing /opt/airflow/dags/healthcare_claims_pipeline_dag.py took 0.117 seconds
[2026-06-01T02:12:48.324+0000] {processor.py:186} INFO - Started process (PID=28) to work on /opt/airflow/dags/healthcare_claims_pipeline_dag.py
[2026-06-01T02:12:48.325+0000] {processor.py:914} INFO - Processing file /opt/airflow/dags/healthcare_claims_pipeline_dag.py for tasks to queue
[2026-06-01T02:12:48.328+0000] {logging_mixin.py:190} INFO - [2026-06-01T02:12:48.328+0000] {dagbag.py:588} INFO - Filling up the DagBag from /opt/airflow/dags/healthcare_claims_pipeline_dag.py
[2026-06-01T02:12:48.370+0000] {processor.py:925} INFO - DAG(s) 'healthcare_claims_data_platform' retrieved from /opt/airflow/dags/healthcare_claims_pipeline_dag.py
[2026-06-01T02:12:48.446+0000] {logging_mixin.py:190} INFO - [2026-06-01T02:12:48.446+0000] {dag.py:3239} INFO - Sync 1 DAGs
[2026-06-01T02:12:48.481+0000] {logging_mixin.py:190} INFO - [2026-06-01T02:12:48.481+0000] {dag.py:4180} INFO - Setting next_dagrun for healthcare_claims_data_platform to 2026-06-01 00:00:00+00:00, run_after=2026-06-02 00:00:00+00:00
[2026-06-01T02:12:48.534+0000] {processor.py:208} INFO - Processing /opt/airflow/dags/healthcare_claims_pipeline_dag.py took 0.221 seconds
[2026-06-01T02:13:19.641+0000] {processor.py:186} INFO - Started process (PID=29) to work on /opt/airflow/dags/healthcare_claims_pipeline_dag.py
[2026-06-01T02:13:19.643+0000] {processor.py:914} INFO - Processing file /opt/airflow/dags/healthcare_claims_pipeline_dag.py for tasks to queue
[2026-06-01T02:13:19.645+0000] {logging_mixin.py:190} INFO - [2026-06-01T02:13:19.645+0000] {dagbag.py:588} INFO - Filling up the DagBag from /opt/airflow/dags/healthcare_claims_pipeline_dag.py
[2026-06-01T02:13:19.664+0000] {processor.py:925} INFO - DAG(s) 'healthcare_claims_data_platform' retrieved from /opt/airflow/dags/healthcare_claims_pipeline_dag.py
[2026-06-01T02:13:19.695+0000] {logging_mixin.py:190} INFO - [2026-06-01T02:13:19.695+0000] {dag.py:3239} INFO - Sync 1 DAGs
[2026-06-01T02:13:19.723+0000] {logging_mixin.py:190} INFO - [2026-06-01T02:13:19.723+0000] {dag.py:4180} INFO - Setting next_dagrun for healthcare_claims_data_platform to 2026-06-01 00:00:00+00:00, run_after=2026-06-02 00:00:00+00:00
[2026-06-01T02:13:19.758+0000] {processor.py:208} INFO - Processing /opt/airflow/dags/healthcare_claims_pipeline_dag.py took 0.122 seconds
[2026-06-01T02:13:51.079+0000] {processor.py:186} INFO - Started process (PID=30) to work on /opt/airflow/dags/healthcare_claims_pipeline_dag.py
[2026-06-01T02:13:51.080+0000] {processor.py:914} INFO - Processing file /opt/airflow/dags/healthcare_claims_pipeline_dag.py for tasks to queue
[2026-06-01T02:13:51.087+0000] {logging_mixin.py:190} INFO - [2026-06-01T02:13:51.087+0000] {dagbag.py:588} INFO - Filling up the DagBag from /opt/airflow/dags/healthcare_claims_pipeline_dag.py
[2026-06-01T02:13:51.122+0000] {processor.py:925} INFO - DAG(s) 'healthcare_claims_data_platform' retrieved from /opt/airflow/dags/healthcare_claims_pipeline_dag.py
[2026-06-01T02:13:51.149+0000] {logging_mixin.py:190} INFO - [2026-06-01T02:13:51.149+0000] {dag.py:3239} INFO - Sync 1 DAGs
[2026-06-01T02:13:51.178+0000] {logging_mixin.py:190} INFO - [2026-06-01T02:13:51.178+0000] {dag.py:4180} INFO - Setting next_dagrun for healthcare_claims_data_platform to 2026-06-01 00:00:00+00:00, run_after=2026-06-02 00:00:00+00:00
[2026-06-01T02:13:51.218+0000] {processor.py:208} INFO - Processing /opt/airflow/dags/healthcare_claims_pipeline_dag.py took 0.144 seconds
[2026-06-01T02:14:22.372+0000] {processor.py:186} INFO - Started process (PID=31) to work on /opt/airflow/dags/healthcare_claims_pipeline_dag.py
[2026-06-01T02:14:22.373+0000] {processor.py:914} INFO - Processing file /opt/airflow/dags/healthcare_claims_pipeline_dag.py for tasks to queue
[2026-06-01T02:14:22.381+0000] {logging_mixin.py:190} INFO - [2026-06-01T02:14:22.381+0000] {dagbag.py:588} INFO - Filling up the DagBag from /opt/airflow/dags/healthcare_claims_pipeline_dag.py
[2026-06-01T02:14:22.401+0000] {processor.py:925} INFO - DAG(s) 'healthcare_claims_data_platform' retrieved from /opt/airflow/dags/healthcare_claims_pipeline_dag.py
[2026-06-01T02:14:22.431+0000] {logging_mixin.py:190} INFO - [2026-06-01T02:14:22.431+0000] {dag.py:3239} INFO - Sync 1 DAGs
[2026-06-01T02:14:22.454+0000] {logging_mixin.py:190} INFO - [2026-06-01T02:14:22.454+0000] {dag.py:4180} INFO - Setting next_dagrun for healthcare_claims_data_platform to 2026-06-01 00:00:00+00:00, run_after=2026-06-02 00:00:00+00:00
[2026-06-01T02:14:22.488+0000] {processor.py:208} INFO - Processing /opt/airflow/dags/healthcare_claims_pipeline_dag.py took 0.121 seconds
[2026-06-01T02:14:53.398+0000] {processor.py:186} INFO - Started process (PID=32) to work on /opt/airflow/dags/healthcare_claims_pipeline_dag.py
[2026-06-01T02:14:53.400+0000] {processor.py:914} INFO - Processing file /opt/airflow/dags/healthcare_claims_pipeline_dag.py for tasks to queue
[2026-06-01T02:14:53.404+0000] {logging_mixin.py:190} INFO - [2026-06-01T02:14:53.403+0000] {dagbag.py:588} INFO - Filling up the DagBag from /opt/airflow/dags/healthcare_claims_pipeline_dag.py
[2026-06-01T02:14:53.432+0000] {processor.py:925} INFO - DAG(s) 'healthcare_claims_data_platform' retrieved from /opt/airflow/dags/healthcare_claims_pipeline_dag.py
[2026-06-01T02:14:53.462+0000] {logging_mixin.py:190} INFO - [2026-06-01T02:14:53.461+0000] {dag.py:3239} INFO - Sync 1 DAGs
[2026-06-01T02:14:53.484+0000] {logging_mixin.py:190} INFO - [2026-06-01T02:14:53.484+0000] {dag.py:4180} INFO - Setting next_dagrun for healthcare_claims_data_platform to 2026-06-01 00:00:00+00:00, run_after=2026-06-02 00:00:00+00:00
[2026-06-01T02:14:53.523+0000] {processor.py:208} INFO - Processing /opt/airflow/dags/healthcare_claims_pipeline_dag.py took 0.132 seconds
[2026-06-01T02:15:24.674+0000] {processor.py:186} INFO - Started process (PID=33) to work on /opt/airflow/dags/healthcare_claims_pipeline_dag.py
[2026-06-01T02:15:24.675+0000] {processor.py:914} INFO - Processing file /opt/airflow/dags/healthcare_claims_pipeline_dag.py for tasks to queue
[2026-06-01T02:15:24.678+0000] {logging_mixin.py:190} INFO - [2026-06-01T02:15:24.677+0000] {dagbag.py:588} INFO - Filling up the DagBag from /opt/airflow/dags/healthcare_claims_pipeline_dag.py
[2026-06-01T02:15:24.705+0000] {processor.py:925} INFO - DAG(s) 'healthcare_claims_data_platform' retrieved from /opt/airflow/dags/healthcare_claims_pipeline_dag.py
[2026-06-01T02:15:24.744+0000] {logging_mixin.py:190} INFO - [2026-06-01T02:15:24.744+0000] {dag.py:3239} INFO - Sync 1 DAGs
[2026-06-01T02:15:24.770+0000] {logging_mixin.py:190} INFO - [2026-06-01T02:15:24.770+0000] {dag.py:4180} INFO - Setting next_dagrun for healthcare_claims_data_platform to 2026-06-01 00:00:00+00:00, run_after=2026-06-02 00:00:00+00:00
[2026-06-01T02:15:24.806+0000] {processor.py:208} INFO - Processing /opt/airflow/dags/healthcare_claims_pipeline_dag.py took 0.138 seconds
[2026-06-01T02:15:55.227+0000] {processor.py:186} INFO - Started process (PID=257) to work on /opt/airflow/dags/healthcare_claims_pipeline_dag.py
[2026-06-01T02:15:55.228+0000] {processor.py:914} INFO - Processing file /opt/airflow/dags/healthcare_claims_pipeline_dag.py for tasks to queue
[2026-06-01T02:15:55.231+0000] {logging_mixin.py:190} INFO - [2026-06-01T02:15:55.231+0000] {dagbag.py:588} INFO - Filling up the DagBag from /opt/airflow/dags/healthcare_claims_pipeline_dag.py
[2026-06-01T02:15:55.251+0000] {processor.py:925} INFO - DAG(s) 'healthcare_claims_data_platform' retrieved from /opt/airflow/dags/healthcare_claims_pipeline_dag.py
[2026-06-01T02:15:55.286+0000] {logging_mixin.py:190} INFO - [2026-06-01T02:15:55.286+0000] {dag.py:3239} INFO - Sync 1 DAGs
[2026-06-01T02:15:55.316+0000] {logging_mixin.py:190} INFO - [2026-06-01T02:15:55.316+0000] {dag.py:4180} INFO - Setting next_dagrun for healthcare_claims_data_platform to 2026-06-01 00:00:00+00:00, run_after=2026-06-02 00:00:00+00:00
[2026-06-01T02:15:55.366+0000] {processor.py:208} INFO - Processing /opt/airflow/dags/healthcare_claims_pipeline_dag.py took 0.144 seconds
[2026-06-01T02:16:25.525+0000] {processor.py:186} INFO - Started process (PID=258) to work on /opt/airflow/dags/healthcare_claims_pipeline_dag.py
[2026-06-01T02:16:25.526+0000] {processor.py:914} INFO - Processing file /opt/airflow/dags/healthcare_claims_pipeline_dag.py for tasks to queue
[2026-06-01T02:16:25.530+0000] {logging_mixin.py:190} INFO - [2026-06-01T02:16:25.529+0000] {dagbag.py:588} INFO - Filling up the DagBag from /opt/airflow/dags/healthcare_claims_pipeline_dag.py
[2026-06-01T02:16:25.550+0000] {processor.py:925} INFO - DAG(s) 'healthcare_claims_data_platform' retrieved from /opt/airflow/dags/healthcare_claims_pipeline_dag.py
[2026-06-01T02:16:25.583+0000] {logging_mixin.py:190} INFO - [2026-06-01T02:16:25.583+0000] {dag.py:3239} INFO - Sync 1 DAGs
[2026-06-01T02:16:25.606+0000] {logging_mixin.py:190} INFO - [2026-06-01T02:16:25.606+0000] {dag.py:4180} INFO - Setting next_dagrun for healthcare_claims_data_platform to 2026-06-01 00:00:00+00:00, run_after=2026-06-02 00:00:00+00:00
[2026-06-01T02:16:25.639+0000] {processor.py:208} INFO - Processing /opt/airflow/dags/healthcare_claims_pipeline_dag.py took 0.118 seconds
[2026-06-01T02:16:56.831+0000] {processor.py:186} INFO - Started process (PID=259) to work on /opt/airflow/dags/healthcare_claims_pipeline_dag.py
[2026-06-01T02:16:56.832+0000] {processor.py:914} INFO - Processing file /opt/airflow/dags/healthcare_claims_pipeline_dag.py for tasks to queue
[2026-06-01T02:16:56.834+0000] {logging_mixin.py:190} INFO - [2026-06-01T02:16:56.834+0000] {dagbag.py:588} INFO - Filling up the DagBag from /opt/airflow/dags/healthcare_claims_pipeline_dag.py
[2026-06-01T02:16:56.852+0000] {processor.py:925} INFO - DAG(s) 'healthcare_claims_data_platform' retrieved from /opt/airflow/dags/healthcare_claims_pipeline_dag.py
[2026-06-01T02:16:56.878+0000] {logging_mixin.py:190} INFO - [2026-06-01T02:16:56.878+0000] {dag.py:3239} INFO - Sync 1 DAGs
[2026-06-01T02:16:56.901+0000] {logging_mixin.py:190} INFO - [2026-06-01T02:16:56.900+0000] {dag.py:4180} INFO - Setting next_dagrun for healthcare_claims_data_platform to 2026-06-01 00:00:00+00:00, run_after=2026-06-02 00:00:00+00:00
[2026-06-01T02:16:56.934+0000] {processor.py:208} INFO - Processing /opt/airflow/dags/healthcare_claims_pipeline_dag.py took 0.108 seconds
[2026-06-01T02:17:27.867+0000] {processor.py:186} INFO - Started process (PID=260) to work on /opt/airflow/dags/healthcare_claims_pipeline_dag.py
[2026-06-01T02:17:27.870+0000] {processor.py:914} INFO - Processing file /opt/airflow/dags/healthcare_claims_pipeline_dag.py for tasks to queue
[2026-06-01T02:17:27.874+0000] {logging_mixin.py:190} INFO - [2026-06-01T02:17:27.873+0000] {dagbag.py:588} INFO - Filling up the DagBag from /opt/airflow/dags/healthcare_claims_pipeline_dag.py
[2026-06-01T02:17:27.913+0000] {processor.py:925} INFO - DAG(s) 'healthcare_claims_data_platform' retrieved from /opt/airflow/dags/healthcare_claims_pipeline_dag.py
[2026-06-01T02:17:27.940+0000] {logging_mixin.py:190} INFO - [2026-06-01T02:17:27.940+0000] {dag.py:3239} INFO - Sync 1 DAGs
[2026-06-01T02:17:27.967+0000] {logging_mixin.py:190} INFO - [2026-06-01T02:17:27.967+0000] {dag.py:4180} INFO - Setting next_dagrun for healthcare_claims_data_platform to 2026-06-01 00:00:00+00:00, run_after=2026-06-02 00:00:00+00:00
[2026-06-01T02:17:28.006+0000] {processor.py:208} INFO - Processing /opt/airflow/dags/healthcare_claims_pipeline_dag.py took 0.148 seconds
[2026-06-01T02:17:58.577+0000] {processor.py:186} INFO - Started process (PID=472) to work on /opt/airflow/dags/healthcare_claims_pipeline_dag.py
[2026-06-01T02:17:58.578+0000] {processor.py:914} INFO - Processing file /opt/airflow/dags/healthcare_claims_pipeline_dag.py for tasks to queue
[2026-06-01T02:17:58.579+0000] {logging_mixin.py:190} INFO - [2026-06-01T02:17:58.579+0000] {dagbag.py:588} INFO - Filling up the DagBag from /opt/airflow/dags/healthcare_claims_pipeline_dag.py
[2026-06-01T02:17:58.594+0000] {processor.py:925} INFO - DAG(s) 'healthcare_claims_data_platform' retrieved from /opt/airflow/dags/healthcare_claims_pipeline_dag.py
[2026-06-01T02:17:58.623+0000] {logging_mixin.py:190} INFO - [2026-06-01T02:17:58.623+0000] {dag.py:3239} INFO - Sync 1 DAGs
[2026-06-01T02:17:58.655+0000] {logging_mixin.py:190} INFO - [2026-06-01T02:17:58.655+0000] {dag.py:4180} INFO - Setting next_dagrun for healthcare_claims_data_platform to 2026-06-01 00:00:00+00:00, run_after=2026-06-02 00:00:00+00:00
[2026-06-01T02:17:58.705+0000] {processor.py:208} INFO - Processing /opt/airflow/dags/healthcare_claims_pipeline_dag.py took 0.132 seconds
[2026-06-01T02:18:29.790+0000] {processor.py:186} INFO - Started process (PID=473) to work on /opt/airflow/dags/healthcare_claims_pipeline_dag.py
[2026-06-01T02:18:29.791+0000] {processor.py:914} INFO - Processing file /opt/airflow/dags/healthcare_claims_pipeline_dag.py for tasks to queue
[2026-06-01T02:18:29.796+0000] {logging_mixin.py:190} INFO - [2026-06-01T02:18:29.796+0000] {dagbag.py:588} INFO - Filling up the DagBag from /opt/airflow/dags/healthcare_claims_pipeline_dag.py
[2026-06-01T02:18:29.814+0000] {processor.py:925} INFO - DAG(s) 'healthcare_claims_data_platform' retrieved from /opt/airflow/dags/healthcare_claims_pipeline_dag.py
[2026-06-01T02:18:29.841+0000] {logging_mixin.py:190} INFO - [2026-06-01T02:18:29.841+0000] {dag.py:3239} INFO - Sync 1 DAGs
[2026-06-01T02:18:29.864+0000] {logging_mixin.py:190} INFO - [2026-06-01T02:18:29.863+0000] {dag.py:4180} INFO - Setting next_dagrun for healthcare_claims_data_platform to 2026-06-01 00:00:00+00:00, run_after=2026-06-02 00:00:00+00:00
[2026-06-01T02:18:29.907+0000] {processor.py:208} INFO - Processing /opt/airflow/dags/healthcare_claims_pipeline_dag.py took 0.123 seconds
[2026-06-01T02:19:00.381+0000] {processor.py:186} INFO - Started process (PID=474) to work on /opt/airflow/dags/healthcare_claims_pipeline_dag.py
[2026-06-01T02:19:00.382+0000] {processor.py:914} INFO - Processing file /opt/airflow/dags/healthcare_claims_pipeline_dag.py for tasks to queue
[2026-06-01T02:19:00.385+0000] {logging_mixin.py:190} INFO - [2026-06-01T02:19:00.385+0000] {dagbag.py:588} INFO - Filling up the DagBag from /opt/airflow/dags/healthcare_claims_pipeline_dag.py
[2026-06-01T02:19:00.456+0000] {processor.py:925} INFO - DAG(s) 'healthcare_claims_data_platform' retrieved from /opt/airflow/dags/healthcare_claims_pipeline_dag.py
[2026-06-01T02:19:00.498+0000] {logging_mixin.py:190} INFO - [2026-06-01T02:19:00.497+0000] {dag.py:3239} INFO - Sync 1 DAGs
[2026-06-01T02:19:00.527+0000] {logging_mixin.py:190} INFO - [2026-06-01T02:19:00.527+0000] {dag.py:4180} INFO - Setting next_dagrun for healthcare_claims_data_platform to 2026-06-01 00:00:00+00:00, run_after=2026-06-02 00:00:00+00:00
[2026-06-01T02:19:00.590+0000] {processor.py:208} INFO - Processing /opt/airflow/dags/healthcare_claims_pipeline_dag.py took 0.217 seconds
[2026-06-01T02:19:31.372+0000] {processor.py:186} INFO - Started process (PID=475) to work on /opt/airflow/dags/healthcare_claims_pipeline_dag.py
[2026-06-01T02:19:31.373+0000] {processor.py:914} INFO - Processing file /opt/airflow/dags/healthcare_claims_pipeline_dag.py for tasks to queue
[2026-06-01T02:19:31.376+0000] {logging_mixin.py:190} INFO - [2026-06-01T02:19:31.375+0000] {dagbag.py:588} INFO - Filling up the DagBag from /opt/airflow/dags/healthcare_claims_pipeline_dag.py
[2026-06-01T02:19:31.391+0000] {processor.py:925} INFO - DAG(s) 'healthcare_claims_data_platform' retrieved from /opt/airflow/dags/healthcare_claims_pipeline_dag.py
[2026-06-01T02:19:31.419+0000] {logging_mixin.py:190} INFO - [2026-06-01T02:19:31.419+0000] {dag.py:3239} INFO - Sync 1 DAGs
[2026-06-01T02:19:31.441+0000] {logging_mixin.py:190} INFO - [2026-06-01T02:19:31.441+0000] {dag.py:4180} INFO - Setting next_dagrun for healthcare_claims_data_platform to 2026-06-01 00:00:00+00:00, run_after=2026-06-02 00:00:00+00:00
[2026-06-01T02:19:31.478+0000] {processor.py:208} INFO - Processing /opt/airflow/dags/healthcare_claims_pipeline_dag.py took 0.109 seconds
[2026-06-01T02:20:02.485+0000] {processor.py:186} INFO - Started process (PID=476) to work on /opt/airflow/dags/healthcare_claims_pipeline_dag.py
[2026-06-01T02:20:02.486+0000] {processor.py:914} INFO - Processing file /opt/airflow/dags/healthcare_claims_pipeline_dag.py for tasks to queue
[2026-06-01T02:20:02.488+0000] {logging_mixin.py:190} INFO - [2026-06-01T02:20:02.488+0000] {dagbag.py:588} INFO - Filling up the DagBag from /opt/airflow/dags/healthcare_claims_pipeline_dag.py
[2026-06-01T02:20:02.517+0000] {processor.py:925} INFO - DAG(s) 'healthcare_claims_data_platform' retrieved from /opt/airflow/dags/healthcare_claims_pipeline_dag.py
[2026-06-01T02:20:02.558+0000] {logging_mixin.py:190} INFO - [2026-06-01T02:20:02.558+0000] {dag.py:3239} INFO - Sync 1 DAGs
[2026-06-01T02:20:02.584+0000] {logging_mixin.py:190} INFO - [2026-06-01T02:20:02.584+0000] {dag.py:4180} INFO - Setting next_dagrun for healthcare_claims_data_platform to 2026-06-01 00:00:00+00:00, run_after=2026-06-02 00:00:00+00:00
[2026-06-01T02:20:02.648+0000] {processor.py:208} INFO - Processing /opt/airflow/dags/healthcare_claims_pipeline_dag.py took 0.167 seconds
[2026-06-01T02:27:14.656+0000] {processor.py:186} INFO - Started process (PID=27) to work on /opt/airflow/dags/healthcare_claims_pipeline_dag.py
[2026-06-01T02:27:14.666+0000] {processor.py:914} INFO - Processing file /opt/airflow/dags/healthcare_claims_pipeline_dag.py for tasks to queue
[2026-06-01T02:27:14.669+0000] {logging_mixin.py:190} INFO - [2026-06-01T02:27:14.669+0000] {dagbag.py:588} INFO - Filling up the DagBag from /opt/airflow/dags/healthcare_claims_pipeline_dag.py
[2026-06-01T02:27:15.290+0000] {processor.py:925} INFO - DAG(s) 'healthcare_claims_data_platform' retrieved from /opt/airflow/dags/healthcare_claims_pipeline_dag.py
[2026-06-01T02:27:15.710+0000] {logging_mixin.py:190} INFO - [2026-06-01T02:27:15.710+0000] {dag.py:3239} INFO - Sync 1 DAGs
[2026-06-01T02:27:16.166+0000] {logging_mixin.py:190} INFO - [2026-06-01T02:27:16.165+0000] {dag.py:4180} INFO - Setting next_dagrun for healthcare_claims_data_platform to 2026-06-01 00:00:00+00:00, run_after=2026-06-02 00:00:00+00:00
[2026-06-01T02:27:16.852+0000] {processor.py:208} INFO - Processing /opt/airflow/dags/healthcare_claims_pipeline_dag.py took 2.206 seconds
[2026-06-01T02:27:53.011+0000] {processor.py:186} INFO - Started process (PID=28) to work on /opt/airflow/dags/healthcare_claims_pipeline_dag.py
[2026-06-01T02:27:53.124+0000] {processor.py:914} INFO - Processing file /opt/airflow/dags/healthcare_claims_pipeline_dag.py for tasks to queue
[2026-06-01T02:27:53.153+0000] {logging_mixin.py:190} INFO - [2026-06-01T02:27:53.152+0000] {dagbag.py:588} INFO - Filling up the DagBag from /opt/airflow/dags/healthcare_claims_pipeline_dag.py
[2026-06-01T02:27:54.129+0000] {processor.py:925} INFO - DAG(s) 'healthcare_claims_data_platform' retrieved from /opt/airflow/dags/healthcare_claims_pipeline_dag.py
[2026-06-01T02:27:54.528+0000] {logging_mixin.py:190} INFO - [2026-06-01T02:27:54.528+0000] {dag.py:3239} INFO - Sync 1 DAGs
[2026-06-01T02:27:55.084+0000] {logging_mixin.py:190} INFO - [2026-06-01T02:27:55.083+0000] {dag.py:4180} INFO - Setting next_dagrun for healthcare_claims_data_platform to 2026-06-01 00:00:00+00:00, run_after=2026-06-02 00:00:00+00:00
[2026-06-01T02:27:57.173+0000] {processor.py:208} INFO - Processing /opt/airflow/dags/healthcare_claims_pipeline_dag.py took 4.225 seconds
[2026-06-01T02:28:28.186+0000] {processor.py:186} INFO - Started process (PID=29) to work on /opt/airflow/dags/healthcare_claims_pipeline_dag.py
[2026-06-01T02:28:28.187+0000] {processor.py:914} INFO - Processing file /opt/airflow/dags/healthcare_claims_pipeline_dag.py for tasks to queue
[2026-06-01T02:28:28.189+0000] {logging_mixin.py:190} INFO - [2026-06-01T02:28:28.189+0000] {dagbag.py:588} INFO - Filling up the DagBag from /opt/airflow/dags/healthcare_claims_pipeline_dag.py
[2026-06-01T02:28:28.211+0000] {processor.py:925} INFO - DAG(s) 'healthcare_claims_data_platform' retrieved from /opt/airflow/dags/healthcare_claims_pipeline_dag.py
[2026-06-01T02:28:28.252+0000] {logging_mixin.py:190} INFO - [2026-06-01T02:28:28.252+0000] {dag.py:3239} INFO - Sync 1 DAGs
[2026-06-01T02:28:28.274+0000] {logging_mixin.py:190} INFO - [2026-06-01T02:28:28.274+0000] {dag.py:4180} INFO - Setting next_dagrun for healthcare_claims_data_platform to 2026-06-01 00:00:00+00:00, run_after=2026-06-02 00:00:00+00:00
[2026-06-01T02:28:28.311+0000] {processor.py:208} INFO - Processing /opt/airflow/dags/healthcare_claims_pipeline_dag.py took 0.132 seconds
[2026-06-01T02:28:59.249+0000] {processor.py:186} INFO - Started process (PID=30) to work on /opt/airflow/dags/healthcare_claims_pipeline_dag.py
[2026-06-01T02:28:59.251+0000] {processor.py:914} INFO - Processing file /opt/airflow/dags/healthcare_claims_pipeline_dag.py for tasks to queue
[2026-06-01T02:28:59.255+0000] {logging_mixin.py:190} INFO - [2026-06-01T02:28:59.254+0000] {dagbag.py:588} INFO - Filling up the DagBag from /opt/airflow/dags/healthcare_claims_pipeline_dag.py
[2026-06-01T02:28:59.325+0000] {processor.py:925} INFO - DAG(s) 'healthcare_claims_data_platform' retrieved from /opt/airflow/dags/healthcare_claims_pipeline_dag.py
[2026-06-01T02:28:59.351+0000] {logging_mixin.py:190} INFO - [2026-06-01T02:28:59.351+0000] {dag.py:3239} INFO - Sync 1 DAGs
[2026-06-01T02:28:59.379+0000] {logging_mixin.py:190} INFO - [2026-06-01T02:28:59.378+0000] {dag.py:4180} INFO - Setting next_dagrun for healthcare_claims_data_platform to 2026-06-01 00:00:00+00:00, run_after=2026-06-02 00:00:00+00:00
[2026-06-01T02:28:59.410+0000] {processor.py:208} INFO - Processing /opt/airflow/dags/healthcare_claims_pipeline_dag.py took 0.167 seconds
[2026-06-01T02:29:29.653+0000] {processor.py:186} INFO - Started process (PID=31) to work on /opt/airflow/dags/healthcare_claims_pipeline_dag.py
[2026-06-01T02:29:29.655+0000] {processor.py:914} INFO - Processing file /opt/airflow/dags/healthcare_claims_pipeline_dag.py for tasks to queue
[2026-06-01T02:29:29.659+0000] {logging_mixin.py:190} INFO - [2026-06-01T02:29:29.658+0000] {dagbag.py:588} INFO - Filling up the DagBag from /opt/airflow/dags/healthcare_claims_pipeline_dag.py
[2026-06-01T02:29:29.689+0000] {processor.py:925} INFO - DAG(s) 'healthcare_claims_data_platform' retrieved from /opt/airflow/dags/healthcare_claims_pipeline_dag.py
[2026-06-01T02:29:29.721+0000] {logging_mixin.py:190} INFO - [2026-06-01T02:29:29.721+0000] {dag.py:3239} INFO - Sync 1 DAGs
[2026-06-01T02:29:29.742+0000] {logging_mixin.py:190} INFO - [2026-06-01T02:29:29.742+0000] {dag.py:4180} INFO - Setting next_dagrun for healthcare_claims_data_platform to 2026-06-01 00:00:00+00:00, run_after=2026-06-02 00:00:00+00:00
[2026-06-01T02:29:29.779+0000] {processor.py:208} INFO - Processing /opt/airflow/dags/healthcare_claims_pipeline_dag.py took 0.134 seconds
[2026-06-01T02:30:00.236+0000] {processor.py:186} INFO - Started process (PID=32) to work on /opt/airflow/dags/healthcare_claims_pipeline_dag.py
[2026-06-01T02:30:00.237+0000] {processor.py:914} INFO - Processing file /opt/airflow/dags/healthcare_claims_pipeline_dag.py for tasks to queue
[2026-06-01T02:30:00.239+0000] {logging_mixin.py:190} INFO - [2026-06-01T02:30:00.239+0000] {dagbag.py:588} INFO - Filling up the DagBag from /opt/airflow/dags/healthcare_claims_pipeline_dag.py
[2026-06-01T02:30:00.253+0000] {processor.py:925} INFO - DAG(s) 'healthcare_claims_data_platform' retrieved from /opt/airflow/dags/healthcare_claims_pipeline_dag.py
[2026-06-01T02:30:00.288+0000] {logging_mixin.py:190} INFO - [2026-06-01T02:30:00.288+0000] {dag.py:3239} INFO - Sync 1 DAGs
[2026-06-01T02:30:00.310+0000] {logging_mixin.py:190} INFO - [2026-06-01T02:30:00.309+0000] {dag.py:4180} INFO - Setting next_dagrun for healthcare_claims_data_platform to 2026-06-01 00:00:00+00:00, run_after=2026-06-02 00:00:00+00:00
[2026-06-01T02:30:00.352+0000] {processor.py:208} INFO - Processing /opt/airflow/dags/healthcare_claims_pipeline_dag.py took 0.125 seconds
[2026-06-01T02:30:31.170+0000] {processor.py:186} INFO - Started process (PID=33) to work on /opt/airflow/dags/healthcare_claims_pipeline_dag.py
[2026-06-01T02:30:31.173+0000] {processor.py:914} INFO - Processing file /opt/airflow/dags/healthcare_claims_pipeline_dag.py for tasks to queue
[2026-06-01T02:30:31.176+0000] {logging_mixin.py:190} INFO - [2026-06-01T02:30:31.176+0000] {dagbag.py:588} INFO - Filling up the DagBag from /opt/airflow/dags/healthcare_claims_pipeline_dag.py
[2026-06-01T02:30:31.253+0000] {processor.py:925} INFO - DAG(s) 'healthcare_claims_data_platform' retrieved from /opt/airflow/dags/healthcare_claims_pipeline_dag.py
[2026-06-01T02:30:31.302+0000] {logging_mixin.py:190} INFO - [2026-06-01T02:30:31.302+0000] {dag.py:3239} INFO - Sync 1 DAGs
[2026-06-01T02:30:31.326+0000] {logging_mixin.py:190} INFO - [2026-06-01T02:30:31.326+0000] {dag.py:4180} INFO - Setting next_dagrun for healthcare_claims_data_platform to 2026-06-01 00:00:00+00:00, run_after=2026-06-02 00:00:00+00:00
[2026-06-01T02:30:31.355+0000] {processor.py:208} INFO - Processing /opt/airflow/dags/healthcare_claims_pipeline_dag.py took 0.194 seconds
[2026-06-01T02:31:01.541+0000] {processor.py:186} INFO - Started process (PID=34) to work on /opt/airflow/dags/healthcare_claims_pipeline_dag.py
[2026-06-01T02:31:01.542+0000] {processor.py:914} INFO - Processing file /opt/airflow/dags/healthcare_claims_pipeline_dag.py for tasks to queue
[2026-06-01T02:31:01.545+0000] {logging_mixin.py:190} INFO - [2026-06-01T02:31:01.544+0000] {dagbag.py:588} INFO - Filling up the DagBag from /opt/airflow/dags/healthcare_claims_pipeline_dag.py
[2026-06-01T02:31:01.567+0000] {processor.py:925} INFO - DAG(s) 'healthcare_claims_data_platform' retrieved from /opt/airflow/dags/healthcare_claims_pipeline_dag.py
[2026-06-01T02:31:01.599+0000] {logging_mixin.py:190} INFO - [2026-06-01T02:31:01.599+0000] {dag.py:3239} INFO - Sync 1 DAGs
[2026-06-01T02:31:01.622+0000] {logging_mixin.py:190} INFO - [2026-06-01T02:31:01.621+0000] {dag.py:4180} INFO - Setting next_dagrun for healthcare_claims_data_platform to 2026-06-01 00:00:00+00:00, run_after=2026-06-02 00:00:00+00:00
[2026-06-01T02:31:01.656+0000] {processor.py:208} INFO - Processing /opt/airflow/dags/healthcare_claims_pipeline_dag.py took 0.121 seconds
[2026-06-01T02:31:37.345+0000] {processor.py:186} INFO - Started process (PID=469) to work on /opt/airflow/dags/healthcare_claims_pipeline_dag.py
[2026-06-01T02:31:37.345+0000] {processor.py:914} INFO - Processing file /opt/airflow/dags/healthcare_claims_pipeline_dag.py for tasks to queue
[2026-06-01T02:31:37.347+0000] {logging_mixin.py:190} INFO - [2026-06-01T02:31:37.347+0000] {dagbag.py:588} INFO - Filling up the DagBag from /opt/airflow/dags/healthcare_claims_pipeline_dag.py
[2026-06-01T02:31:37.360+0000] {processor.py:925} INFO - DAG(s) 'healthcare_claims_data_platform' retrieved from /opt/airflow/dags/healthcare_claims_pipeline_dag.py
[2026-06-01T02:31:37.382+0000] {logging_mixin.py:190} INFO - [2026-06-01T02:31:37.382+0000] {dag.py:3239} INFO - Sync 1 DAGs
[2026-06-01T02:31:37.400+0000] {logging_mixin.py:190} INFO - [2026-06-01T02:31:37.400+0000] {dag.py:4180} INFO - Setting next_dagrun for healthcare_claims_data_platform to 2026-06-01 00:00:00+00:00, run_after=2026-06-02 00:00:00+00:00
[2026-06-01T02:31:37.427+0000] {processor.py:208} INFO - Processing /opt/airflow/dags/healthcare_claims_pipeline_dag.py took 0.086 seconds
[2026-06-01T02:32:25.579+0000] {processor.py:186} INFO - Started process (PID=1468) to work on /opt/airflow/dags/healthcare_claims_pipeline_dag.py
[2026-06-01T02:32:25.580+0000] {processor.py:914} INFO - Processing file /opt/airflow/dags/healthcare_claims_pipeline_dag.py for tasks to queue
[2026-06-01T02:32:25.583+0000] {logging_mixin.py:190} INFO - [2026-06-01T02:32:25.582+0000] {dagbag.py:588} INFO - Filling up the DagBag from /opt/airflow/dags/healthcare_claims_pipeline_dag.py
[2026-06-01T02:32:25.603+0000] {processor.py:925} INFO - DAG(s) 'healthcare_claims_data_platform' retrieved from /opt/airflow/dags/healthcare_claims_pipeline_dag.py
[2026-06-01T02:32:25.633+0000] {logging_mixin.py:190} INFO - [2026-06-01T02:32:25.633+0000] {dag.py:3239} INFO - Sync 1 DAGs
[2026-06-01T02:32:25.657+0000] {logging_mixin.py:190} INFO - [2026-06-01T02:32:25.656+0000] {dag.py:4180} INFO - Setting next_dagrun for healthcare_claims_data_platform to 2026-06-01 00:00:00+00:00, run_after=2026-06-02 00:00:00+00:00
[2026-06-01T02:32:25.702+0000] {processor.py:208} INFO - Processing /opt/airflow/dags/healthcare_claims_pipeline_dag.py took 0.129 seconds
[2026-06-01T02:32:58.400+0000] {processor.py:186} INFO - Started process (PID=1536) to work on /opt/airflow/dags/healthcare_claims_pipeline_dag.py
[2026-06-01T02:32:58.401+0000] {processor.py:914} INFO - Processing file /opt/airflow/dags/healthcare_claims_pipeline_dag.py for tasks to queue
[2026-06-01T02:32:58.403+0000] {logging_mixin.py:190} INFO - [2026-06-01T02:32:58.403+0000] {dagbag.py:588} INFO - Filling up the DagBag from /opt/airflow/dags/healthcare_claims_pipeline_dag.py
[2026-06-01T02:32:58.420+0000] {processor.py:925} INFO - DAG(s) 'healthcare_claims_data_platform' retrieved from /opt/airflow/dags/healthcare_claims_pipeline_dag.py
[2026-06-01T02:32:58.446+0000] {logging_mixin.py:190} INFO - [2026-06-01T02:32:58.445+0000] {dag.py:3239} INFO - Sync 1 DAGs
[2026-06-01T02:32:58.466+0000] {logging_mixin.py:190} INFO - [2026-06-01T02:32:58.466+0000] {dag.py:4180} INFO - Setting next_dagrun for healthcare_claims_data_platform to 2026-06-01 00:00:00+00:00, run_after=2026-06-02 00:00:00+00:00
[2026-06-01T02:32:58.495+0000] {processor.py:208} INFO - Processing /opt/airflow/dags/healthcare_claims_pipeline_dag.py took 0.102 seconds
[2026-06-01T02:33:29.975+0000] {processor.py:186} INFO - Started process (PID=1537) to work on /opt/airflow/dags/healthcare_claims_pipeline_dag.py
[2026-06-01T02:33:29.977+0000] {processor.py:914} INFO - Processing file /opt/airflow/dags/healthcare_claims_pipeline_dag.py for tasks to queue
[2026-06-01T02:33:29.980+0000] {logging_mixin.py:190} INFO - [2026-06-01T02:33:29.980+0000] {dagbag.py:588} INFO - Filling up the DagBag from /opt/airflow/dags/healthcare_claims_pipeline_dag.py
[2026-06-01T02:33:30.036+0000] {processor.py:925} INFO - DAG(s) 'healthcare_claims_data_platform' retrieved from /opt/airflow/dags/healthcare_claims_pipeline_dag.py
[2026-06-01T02:33:30.093+0000] {logging_mixin.py:190} INFO - [2026-06-01T02:33:30.092+0000] {dag.py:3239} INFO - Sync 1 DAGs
[2026-06-01T02:33:30.114+0000] {logging_mixin.py:190} INFO - [2026-06-01T02:33:30.113+0000] {dag.py:4180} INFO - Setting next_dagrun for healthcare_claims_data_platform to 2026-06-01 00:00:00+00:00, run_after=2026-06-02 00:00:00+00:00
[2026-06-01T02:33:30.142+0000] {processor.py:208} INFO - Processing /opt/airflow/dags/healthcare_claims_pipeline_dag.py took 0.171 seconds
[2026-06-01T02:34:00.370+0000] {processor.py:186} INFO - Started process (PID=1538) to work on /opt/airflow/dags/healthcare_claims_pipeline_dag.py
[2026-06-01T02:34:00.372+0000] {processor.py:914} INFO - Processing file /opt/airflow/dags/healthcare_claims_pipeline_dag.py for tasks to queue
[2026-06-01T02:34:00.374+0000] {logging_mixin.py:190} INFO - [2026-06-01T02:34:00.374+0000] {dagbag.py:588} INFO - Filling up the DagBag from /opt/airflow/dags/healthcare_claims_pipeline_dag.py
[2026-06-01T02:34:00.439+0000] {processor.py:925} INFO - DAG(s) 'healthcare_claims_data_platform' retrieved from /opt/airflow/dags/healthcare_claims_pipeline_dag.py
[2026-06-01T02:34:00.495+0000] {logging_mixin.py:190} INFO - [2026-06-01T02:34:00.495+0000] {dag.py:3239} INFO - Sync 1 DAGs
[2026-06-01T02:34:00.521+0000] {logging_mixin.py:190} INFO - [2026-06-01T02:34:00.521+0000] {dag.py:4180} INFO - Setting next_dagrun for healthcare_claims_data_platform to 2026-06-01 00:00:00+00:00, run_after=2026-06-02 00:00:00+00:00
[2026-06-01T02:34:00.569+0000] {processor.py:208} INFO - Processing /opt/airflow/dags/healthcare_claims_pipeline_dag.py took 0.203 seconds
[2026-06-01T02:34:30.938+0000] {processor.py:186} INFO - Started process (PID=1539) to work on /opt/airflow/dags/healthcare_claims_pipeline_dag.py
[2026-06-01T02:34:30.939+0000] {processor.py:914} INFO - Processing file /opt/airflow/dags/healthcare_claims_pipeline_dag.py for tasks to queue
[2026-06-01T02:34:30.940+0000] {logging_mixin.py:190} INFO - [2026-06-01T02:34:30.940+0000] {dagbag.py:588} INFO - Filling up the DagBag from /opt/airflow/dags/healthcare_claims_pipeline_dag.py
[2026-06-01T02:34:30.956+0000] {processor.py:925} INFO - DAG(s) 'healthcare_claims_data_platform' retrieved from /opt/airflow/dags/healthcare_claims_pipeline_dag.py
[2026-06-01T02:34:30.985+0000] {logging_mixin.py:190} INFO - [2026-06-01T02:34:30.985+0000] {dag.py:3239} INFO - Sync 1 DAGs
[2026-06-01T02:34:31.015+0000] {logging_mixin.py:190} INFO - [2026-06-01T02:34:31.015+0000] {dag.py:4180} INFO - Setting next_dagrun for healthcare_claims_data_platform to 2026-06-01 00:00:00+00:00, run_after=2026-06-02 00:00:00+00:00
[2026-06-01T02:34:31.055+0000] {processor.py:208} INFO - Processing /opt/airflow/dags/healthcare_claims_pipeline_dag.py took 0.120 seconds
[2026-06-01T02:35:02.223+0000] {processor.py:186} INFO - Started process (PID=1540) to work on /opt/airflow/dags/healthcare_claims_pipeline_dag.py
[2026-06-01T02:35:02.223+0000] {processor.py:914} INFO - Processing file /opt/airflow/dags/healthcare_claims_pipeline_dag.py for tasks to queue
[2026-06-01T02:35:02.225+0000] {logging_mixin.py:190} INFO - [2026-06-01T02:35:02.225+0000] {dagbag.py:588} INFO - Filling up the DagBag from /opt/airflow/dags/healthcare_claims_pipeline_dag.py
[2026-06-01T02:35:02.245+0000] {processor.py:925} INFO - DAG(s) 'healthcare_claims_data_platform' retrieved from /opt/airflow/dags/healthcare_claims_pipeline_dag.py
[2026-06-01T02:35:02.280+0000] {logging_mixin.py:190} INFO - [2026-06-01T02:35:02.279+0000] {dag.py:3239} INFO - Sync 1 DAGs
[2026-06-01T02:35:02.309+0000] {logging_mixin.py:190} INFO - [2026-06-01T02:35:02.308+0000] {dag.py:4180} INFO - Setting next_dagrun for healthcare_claims_data_platform to 2026-06-01 00:00:00+00:00, run_after=2026-06-02 00:00:00+00:00
[2026-06-01T02:35:02.347+0000] {processor.py:208} INFO - Processing /opt/airflow/dags/healthcare_claims_pipeline_dag.py took 0.128 seconds
[2026-06-01T02:35:33.082+0000] {processor.py:186} INFO - Started process (PID=1541) to work on /opt/airflow/dags/healthcare_claims_pipeline_dag.py
[2026-06-01T02:35:33.083+0000] {processor.py:914} INFO - Processing file /opt/airflow/dags/healthcare_claims_pipeline_dag.py for tasks to queue
[2026-06-01T02:35:33.085+0000] {logging_mixin.py:190} INFO - [2026-06-01T02:35:33.085+0000] {dagbag.py:588} INFO - Filling up the DagBag from /opt/airflow/dags/healthcare_claims_pipeline_dag.py
[2026-06-01T02:35:33.113+0000] {processor.py:925} INFO - DAG(s) 'healthcare_claims_data_platform' retrieved from /opt/airflow/dags/healthcare_claims_pipeline_dag.py
[2026-06-01T02:35:33.143+0000] {logging_mixin.py:190} INFO - [2026-06-01T02:35:33.142+0000] {dag.py:3239} INFO - Sync 1 DAGs
[2026-06-01T02:35:33.168+0000] {logging_mixin.py:190} INFO - [2026-06-01T02:35:33.168+0000] {dag.py:4180} INFO - Setting next_dagrun for healthcare_claims_data_platform to 2026-06-01 00:00:00+00:00, run_after=2026-06-02 00:00:00+00:00
[2026-06-01T02:35:33.208+0000] {processor.py:208} INFO - Processing /opt/airflow/dags/healthcare_claims_pipeline_dag.py took 0.135 seconds
[2026-06-01T02:36:04.040+0000] {processor.py:186} INFO - Started process (PID=1542) to work on /opt/airflow/dags/healthcare_claims_pipeline_dag.py
[2026-06-01T02:36:04.042+0000] {processor.py:914} INFO - Processing file /opt/airflow/dags/healthcare_claims_pipeline_dag.py for tasks to queue
[2026-06-01T02:36:04.046+0000] {logging_mixin.py:190} INFO - [2026-06-01T02:36:04.045+0000] {dagbag.py:588} INFO - Filling up the DagBag from /opt/airflow/dags/healthcare_claims_pipeline_dag.py
[2026-06-01T02:36:04.079+0000] {processor.py:925} INFO - DAG(s) 'healthcare_claims_data_platform' retrieved from /opt/airflow/dags/healthcare_claims_pipeline_dag.py
[2026-06-01T02:36:04.113+0000] {logging_mixin.py:190} INFO - [2026-06-01T02:36:04.112+0000] {dag.py:3239} INFO - Sync 1 DAGs
[2026-06-01T02:36:04.136+0000] {logging_mixin.py:190} INFO - [2026-06-01T02:36:04.136+0000] {dag.py:4180} INFO - Setting next_dagrun for healthcare_claims_data_platform to 2026-06-01 00:00:00+00:00, run_after=2026-06-02 00:00:00+00:00
[2026-06-01T02:36:04.182+0000] {processor.py:208} INFO - Processing /opt/airflow/dags/healthcare_claims_pipeline_dag.py took 0.151 seconds
[2026-06-01T02:36:34.584+0000] {processor.py:186} INFO - Started process (PID=1543) to work on /opt/airflow/dags/healthcare_claims_pipeline_dag.py
[2026-06-01T02:36:34.586+0000] {processor.py:914} INFO - Processing file /opt/airflow/dags/healthcare_claims_pipeline_dag.py for tasks to queue
[2026-06-01T02:36:34.591+0000] {logging_mixin.py:190} INFO - [2026-06-01T02:36:34.590+0000] {dagbag.py:588} INFO - Filling up the DagBag from /opt/airflow/dags/healthcare_claims_pipeline_dag.py
[2026-06-01T02:36:34.663+0000] {processor.py:925} INFO - DAG(s) 'healthcare_claims_data_platform' retrieved from /opt/airflow/dags/healthcare_claims_pipeline_dag.py
[2026-06-01T02:36:34.704+0000] {logging_mixin.py:190} INFO - [2026-06-01T02:36:34.704+0000] {dag.py:3239} INFO - Sync 1 DAGs
[2026-06-01T02:36:34.727+0000] {logging_mixin.py:190} INFO - [2026-06-01T02:36:34.726+0000] {dag.py:4180} INFO - Setting next_dagrun for healthcare_claims_data_platform to 2026-06-01 00:00:00+00:00, run_after=2026-06-02 00:00:00+00:00
[2026-06-01T02:36:34.761+0000] {processor.py:208} INFO - Processing /opt/airflow/dags/healthcare_claims_pipeline_dag.py took 0.184 seconds
[2026-06-01T02:37:05.367+0000] {processor.py:186} INFO - Started process (PID=1544) to work on /opt/airflow/dags/healthcare_claims_pipeline_dag.py
[2026-06-01T02:37:05.369+0000] {processor.py:914} INFO - Processing file /opt/airflow/dags/healthcare_claims_pipeline_dag.py for tasks to queue
[2026-06-01T02:37:05.373+0000] {logging_mixin.py:190} INFO - [2026-06-01T02:37:05.372+0000] {dagbag.py:588} INFO - Filling up the DagBag from /opt/airflow/dags/healthcare_claims_pipeline_dag.py
[2026-06-01T02:37:05.448+0000] {processor.py:925} INFO - DAG(s) 'healthcare_claims_data_platform' retrieved from /opt/airflow/dags/healthcare_claims_pipeline_dag.py
[2026-06-01T02:37:05.520+0000] {logging_mixin.py:190} INFO - [2026-06-01T02:37:05.520+0000] {dag.py:3239} INFO - Sync 1 DAGs
[2026-06-01T02:37:05.563+0000] {logging_mixin.py:190} INFO - [2026-06-01T02:37:05.563+0000] {dag.py:4180} INFO - Setting next_dagrun for healthcare_claims_data_platform to 2026-06-01 00:00:00+00:00, run_after=2026-06-02 00:00:00+00:00
[2026-06-01T02:37:05.611+0000] {processor.py:208} INFO - Processing /opt/airflow/dags/healthcare_claims_pipeline_dag.py took 0.251 seconds
[2026-06-01T02:37:36.078+0000] {processor.py:186} INFO - Started process (PID=1545) to work on /opt/airflow/dags/healthcare_claims_pipeline_dag.py
[2026-06-01T02:37:36.080+0000] {processor.py:914} INFO - Processing file /opt/airflow/dags/healthcare_claims_pipeline_dag.py for tasks to queue
[2026-06-01T02:37:36.084+0000] {logging_mixin.py:190} INFO - [2026-06-01T02:37:36.084+0000] {dagbag.py:588} INFO - Filling up the DagBag from /opt/airflow/dags/healthcare_claims_pipeline_dag.py
[2026-06-01T02:37:36.142+0000] {processor.py:925} INFO - DAG(s) 'healthcare_claims_data_platform' retrieved from /opt/airflow/dags/healthcare_claims_pipeline_dag.py
[2026-06-01T02:37:36.268+0000] {logging_mixin.py:190} INFO - [2026-06-01T02:37:36.268+0000] {dag.py:3239} INFO - Sync 1 DAGs
[2026-06-01T02:37:36.292+0000] {logging_mixin.py:190} INFO - [2026-06-01T02:37:36.291+0000] {dag.py:4180} INFO - Setting next_dagrun for healthcare_claims_data_platform to 2026-06-01 00:00:00+00:00, run_after=2026-06-02 00:00:00+00:00
[2026-06-01T02:37:36.325+0000] {processor.py:208} INFO - Processing /opt/airflow/dags/healthcare_claims_pipeline_dag.py took 0.254 seconds
[2026-06-01T02:38:06.928+0000] {processor.py:186} INFO - Started process (PID=1546) to work on /opt/airflow/dags/healthcare_claims_pipeline_dag.py
[2026-06-01T02:38:06.930+0000] {processor.py:914} INFO - Processing file /opt/airflow/dags/healthcare_claims_pipeline_dag.py for tasks to queue
[2026-06-01T02:38:06.933+0000] {logging_mixin.py:190} INFO - [2026-06-01T02:38:06.933+0000] {dagbag.py:588} INFO - Filling up the DagBag from /opt/airflow/dags/healthcare_claims_pipeline_dag.py
[2026-06-01T02:38:07.009+0000] {processor.py:925} INFO - DAG(s) 'healthcare_claims_data_platform' retrieved from /opt/airflow/dags/healthcare_claims_pipeline_dag.py
[2026-06-01T02:38:07.074+0000] {logging_mixin.py:190} INFO - [2026-06-01T02:38:07.074+0000] {dag.py:3239} INFO - Sync 1 DAGs
[2026-06-01T02:38:07.105+0000] {logging_mixin.py:190} INFO - [2026-06-01T02:38:07.104+0000] {dag.py:4180} INFO - Setting next_dagrun for healthcare_claims_data_platform to 2026-06-01 00:00:00+00:00, run_after=2026-06-02 00:00:00+00:00
[2026-06-01T02:38:07.140+0000] {processor.py:208} INFO - Processing /opt/airflow/dags/healthcare_claims_pipeline_dag.py took 0.218 seconds
[2026-06-01T02:38:37.406+0000] {processor.py:186} INFO - Started process (PID=1547) to work on /opt/airflow/dags/healthcare_claims_pipeline_dag.py
[2026-06-01T02:38:37.407+0000] {processor.py:914} INFO - Processing file /opt/airflow/dags/healthcare_claims_pipeline_dag.py for tasks to queue
[2026-06-01T02:38:37.408+0000] {logging_mixin.py:190} INFO - [2026-06-01T02:38:37.408+0000] {dagbag.py:588} INFO - Filling up the DagBag from /opt/airflow/dags/healthcare_claims_pipeline_dag.py
[2026-06-01T02:38:37.423+0000] {processor.py:925} INFO - DAG(s) 'healthcare_claims_data_platform' retrieved from /opt/airflow/dags/healthcare_claims_pipeline_dag.py
[2026-06-01T02:38:37.456+0000] {logging_mixin.py:190} INFO - [2026-06-01T02:38:37.456+0000] {dag.py:3239} INFO - Sync 1 DAGs
[2026-06-01T02:38:37.560+0000] {logging_mixin.py:190} INFO - [2026-06-01T02:38:37.560+0000] {dag.py:4180} INFO - Setting next_dagrun for healthcare_claims_data_platform to 2026-06-01 00:00:00+00:00, run_after=2026-06-02 00:00:00+00:00
[2026-06-01T02:38:37.613+0000] {processor.py:208} INFO - Processing /opt/airflow/dags/healthcare_claims_pipeline_dag.py took 0.212 seconds
[2026-06-01T02:39:08.816+0000] {processor.py:186} INFO - Started process (PID=1548) to work on /opt/airflow/dags/healthcare_claims_pipeline_dag.py
[2026-06-01T02:39:08.817+0000] {processor.py:914} INFO - Processing file /opt/airflow/dags/healthcare_claims_pipeline_dag.py for tasks to queue
[2026-06-01T02:39:08.820+0000] {logging_mixin.py:190} INFO - [2026-06-01T02:39:08.820+0000] {dagbag.py:588} INFO - Filling up the DagBag from /opt/airflow/dags/healthcare_claims_pipeline_dag.py
[2026-06-01T02:39:08.889+0000] {processor.py:925} INFO - DAG(s) 'healthcare_claims_data_platform' retrieved from /opt/airflow/dags/healthcare_claims_pipeline_dag.py
[2026-06-01T02:39:08.938+0000] {logging_mixin.py:190} INFO - [2026-06-01T02:39:08.937+0000] {dag.py:3239} INFO - Sync 1 DAGs
[2026-06-01T02:39:08.968+0000] {logging_mixin.py:190} INFO - [2026-06-01T02:39:08.968+0000] {dag.py:4180} INFO - Setting next_dagrun for healthcare_claims_data_platform to 2026-06-01 00:00:00+00:00, run_after=2026-06-02 00:00:00+00:00
[2026-06-01T02:39:09.009+0000] {processor.py:208} INFO - Processing /opt/airflow/dags/healthcare_claims_pipeline_dag.py took 0.199 seconds
[2026-06-01T02:39:39.955+0000] {processor.py:186} INFO - Started process (PID=1549) to work on /opt/airflow/dags/healthcare_claims_pipeline_dag.py
[2026-06-01T02:39:39.956+0000] {processor.py:914} INFO - Processing file /opt/airflow/dags/healthcare_claims_pipeline_dag.py for tasks to queue
[2026-06-01T02:39:39.957+0000] {logging_mixin.py:190} INFO - [2026-06-01T02:39:39.957+0000] {dagbag.py:588} INFO - Filling up the DagBag from /opt/airflow/dags/healthcare_claims_pipeline_dag.py
[2026-06-01T02:39:39.972+0000] {processor.py:925} INFO - DAG(s) 'healthcare_claims_data_platform' retrieved from /opt/airflow/dags/healthcare_claims_pipeline_dag.py
[2026-06-01T02:39:39.995+0000] {logging_mixin.py:190} INFO - [2026-06-01T02:39:39.995+0000] {dag.py:3239} INFO - Sync 1 DAGs
[2026-06-01T02:39:40.018+0000] {logging_mixin.py:190} INFO - [2026-06-01T02:39:40.017+0000] {dag.py:4180} INFO - Setting next_dagrun for healthcare_claims_data_platform to 2026-06-01 00:00:00+00:00, run_after=2026-06-02 00:00:00+00:00
[2026-06-01T02:39:40.049+0000] {processor.py:208} INFO - Processing /opt/airflow/dags/healthcare_claims_pipeline_dag.py took 0.097 seconds
[2026-06-01T02:40:10.788+0000] {processor.py:186} INFO - Started process (PID=1550) to work on /opt/airflow/dags/healthcare_claims_pipeline_dag.py
[2026-06-01T02:40:10.790+0000] {processor.py:914} INFO - Processing file /opt/airflow/dags/healthcare_claims_pipeline_dag.py for tasks to queue
[2026-06-01T02:40:10.793+0000] {logging_mixin.py:190} INFO - [2026-06-01T02:40:10.792+0000] {dagbag.py:588} INFO - Filling up the DagBag from /opt/airflow/dags/healthcare_claims_pipeline_dag.py
[2026-06-01T02:40:10.812+0000] {processor.py:925} INFO - DAG(s) 'healthcare_claims_data_platform' retrieved from /opt/airflow/dags/healthcare_claims_pipeline_dag.py
[2026-06-01T02:40:10.853+0000] {logging_mixin.py:190} INFO - [2026-06-01T02:40:10.853+0000] {dag.py:3239} INFO - Sync 1 DAGs
[2026-06-01T02:40:10.880+0000] {logging_mixin.py:190} INFO - [2026-06-01T02:40:10.880+0000] {dag.py:4180} INFO - Setting next_dagrun for healthcare_claims_data_platform to 2026-06-01 00:00:00+00:00, run_after=2026-06-02 00:00:00+00:00
[2026-06-01T02:40:10.917+0000] {processor.py:208} INFO - Processing /opt/airflow/dags/healthcare_claims_pipeline_dag.py took 0.132 seconds
[2026-06-01T02:40:41.870+0000] {processor.py:186} INFO - Started process (PID=1551) to work on /opt/airflow/dags/healthcare_claims_pipeline_dag.py
[2026-06-01T02:40:41.871+0000] {processor.py:914} INFO - Processing file /opt/airflow/dags/healthcare_claims_pipeline_dag.py for tasks to queue
[2026-06-01T02:40:41.873+0000] {logging_mixin.py:190} INFO - [2026-06-01T02:40:41.872+0000] {dagbag.py:588} INFO - Filling up the DagBag from /opt/airflow/dags/healthcare_claims_pipeline_dag.py
[2026-06-01T02:40:41.894+0000] {processor.py:925} INFO - DAG(s) 'healthcare_claims_data_platform' retrieved from /opt/airflow/dags/healthcare_claims_pipeline_dag.py
[2026-06-01T02:40:41.936+0000] {logging_mixin.py:190} INFO - [2026-06-01T02:40:41.936+0000] {dag.py:3239} INFO - Sync 1 DAGs
[2026-06-01T02:40:41.987+0000] {logging_mixin.py:190} INFO - [2026-06-01T02:40:41.987+0000] {dag.py:4180} INFO - Setting next_dagrun for healthcare_claims_data_platform to 2026-06-01 00:00:00+00:00, run_after=2026-06-02 00:00:00+00:00
[2026-06-01T02:40:42.112+0000] {processor.py:208} INFO - Processing /opt/airflow/dags/healthcare_claims_pipeline_dag.py took 0.247 seconds
[2026-06-01T02:41:12.802+0000] {processor.py:186} INFO - Started process (PID=1552) to work on /opt/airflow/dags/healthcare_claims_pipeline_dag.py
[2026-06-01T02:41:12.803+0000] {processor.py:914} INFO - Processing file /opt/airflow/dags/healthcare_claims_pipeline_dag.py for tasks to queue
[2026-06-01T02:41:12.807+0000] {logging_mixin.py:190} INFO - [2026-06-01T02:41:12.806+0000] {dagbag.py:588} INFO - Filling up the DagBag from /opt/airflow/dags/healthcare_claims_pipeline_dag.py
[2026-06-01T02:41:12.873+0000] {processor.py:925} INFO - DAG(s) 'healthcare_claims_data_platform' retrieved from /opt/airflow/dags/healthcare_claims_pipeline_dag.py
[2026-06-01T02:41:12.935+0000] {logging_mixin.py:190} INFO - [2026-06-01T02:41:12.935+0000] {dag.py:3239} INFO - Sync 1 DAGs
[2026-06-01T02:41:12.958+0000] {logging_mixin.py:190} INFO - [2026-06-01T02:41:12.958+0000] {dag.py:4180} INFO - Setting next_dagrun for healthcare_claims_data_platform to 2026-06-01 00:00:00+00:00, run_after=2026-06-02 00:00:00+00:00
[2026-06-01T02:41:12.989+0000] {processor.py:208} INFO - Processing /opt/airflow/dags/healthcare_claims_pipeline_dag.py took 0.194 seconds
