[2026-06-01T02:15:32.034+0000] {local_task_job_runner.py:123} INFO - ::group::Pre task execution logs
[2026-06-01T02:15:32.046+0000] {taskinstance.py:2614} INFO - Dependencies all met for dep_context=non-requeueable deps ti=<TaskInstance: healthcare_claims_data_platform.bronze_ingestion manual__2026-06-01T02:15:23.360672+00:00 [queued]>
[2026-06-01T02:15:32.055+0000] {taskinstance.py:2614} INFO - Dependencies all met for dep_context=requeueable deps ti=<TaskInstance: healthcare_claims_data_platform.bronze_ingestion manual__2026-06-01T02:15:23.360672+00:00 [queued]>
[2026-06-01T02:15:32.056+0000] {taskinstance.py:2867} INFO - Starting attempt 1 of 2
[2026-06-01T02:15:32.073+0000] {taskinstance.py:2890} INFO - Executing <Task(PythonOperator): bronze_ingestion> on 2026-06-01 02:15:23.360672+00:00
[2026-06-01T02:15:32.075+0000] {standard_task_runner.py:72} INFO - Started process 63 to run task
[2026-06-01T02:15:32.078+0000] {standard_task_runner.py:104} INFO - Running: ['airflow', 'tasks', 'run', 'healthcare_claims_data_platform', 'bronze_ingestion', 'manual__2026-06-01T02:15:23.360672+00:00', '--job-id', '11', '--raw', '--subdir', 'DAGS_FOLDER/healthcare_claims_pipeline_dag.py', '--cfg-path', '/tmp/tmphflku9_n']
[2026-06-01T02:15:32.081+0000] {standard_task_runner.py:105} INFO - Job 11: Subtask bronze_ingestion
[2026-06-01T02:15:32.176+0000] {task_command.py:467} INFO - Running <TaskInstance: healthcare_claims_data_platform.bronze_ingestion manual__2026-06-01T02:15:23.360672+00:00 [running]> on host 72d953705984
[2026-06-01T02:15:32.251+0000] {taskinstance.py:3134} INFO - Exporting env vars: AIRFLOW_CTX_DAG_OWNER='janardhan' AIRFLOW_CTX_DAG_ID='healthcare_claims_data_platform' AIRFLOW_CTX_TASK_ID='bronze_ingestion' AIRFLOW_CTX_EXECUTION_DATE='2026-06-01T02:15:23.360672+00:00' AIRFLOW_CTX_TRY_NUMBER='1' AIRFLOW_CTX_DAG_RUN_ID='manual__2026-06-01T02:15:23.360672+00:00'
[2026-06-01T02:15:32.252+0000] {taskinstance.py:732} INFO - ::endgroup::
[2026-06-01T02:15:32.264+0000] {logging_mixin.py:190} INFO - ================================================================================
[2026-06-01T02:15:32.266+0000] {logging_mixin.py:190} INFO - Running script: /opt/airflow/scripts/bronze_ingestion.py
[2026-06-01T02:15:41.885+0000] {logging_mixin.py:190} INFO - STDOUT:
[2026-06-01T02:15:41.885+0000] {logging_mixin.py:190} INFO - ================================================================================
Processing source: patients
Input file: /opt/airflow/data/raw/patients.csv
Raw record count for patients: 1000
Bronze schema for patients:
root
 |-- patient_id: string (nullable = true)
 |-- first_name: string (nullable = true)
 |-- last_name: string (nullable = true)
 |-- dob: date (nullable = true)
 |-- gender: string (nullable = true)
 |-- state: string (nullable = true)
 |-- created_date: date (nullable = true)
 |-- ingestion_timestamp: timestamp (nullable = false)
 |-- source_system: string (nullable = false)
 |-- source_file_name: string (nullable = false)
 |-- bronze_table_name: string (nullable = false)
[2026-06-01T02:15:41.886+0000] {logging_mixin.py:190} INFO - STDERR:
[2026-06-01T02:15:41.886+0000] {logging_mixin.py:190} INFO - WARNING: Using incubator modules: jdk.incubator.vector
Using Spark's default log4j profile: org/apache/spark/log4j2-defaults.properties
Setting default log level to "WARN".
To adjust logging level use sc.setLogLevel(newLevel). For SparkR, use setLogLevel(newLevel).
26/06/01 02:15:35 WARN NativeCodeLoader: Unable to load native-hadoop library for your platform... using builtin-java classes where applicable
Traceback (most recent call last):
  File "/opt/airflow/scripts/bronze_ingestion.py", line 132, in <module>
    main()
  File "/opt/airflow/scripts/bronze_ingestion.py", line 123, in main
    process_source_file(spark, source_name, file_name)
  File "/opt/airflow/scripts/bronze_ingestion.py", line 106, in process_source_file
    write_to_bronze(bronze_df, source_name)
  File "/opt/airflow/scripts/bronze_ingestion.py", line 75, in write_to_bronze
    pandas_df = df.toPandas()
                ^^^^^^^^^^^^^
  File "/home/airflow/.local/lib/python3.12/site-packages/pyspark/sql/classic/dataframe.py", line 1816, in toPandas
    return PandasConversionMixin.toPandas(self)
           ^^^^^^^^^^^^^^^^^^^^^^^^^^^^^^^^^^^^
  File "/home/airflow/.local/lib/python3.12/site-packages/pyspark/sql/pandas/conversion.py", line 70, in toPandas
    require_minimum_pandas_version()
  File "/home/airflow/.local/lib/python3.12/site-packages/pyspark/sql/pandas/utils.py", line 51, in require_minimum_pandas_version
    raise PySparkImportError(
pyspark.errors.exceptions.base.PySparkImportError: [UNSUPPORTED_PACKAGE_VERSION] Pandas >= 2.2.0 must be installed; however, your version is 2.1.4.
[2026-06-01T02:15:41.887+0000] {taskinstance.py:3313} ERROR - Task failed with exception
Traceback (most recent call last):
  File "/home/airflow/.local/lib/python3.12/site-packages/airflow/models/taskinstance.py", line 768, in _execute_task
    result = _execute_callable(context=context, **execute_callable_kwargs)
             ^^^^^^^^^^^^^^^^^^^^^^^^^^^^^^^^^^^^^^^^^^^^^^^^^^^^^^^^^^^^^
  File "/home/airflow/.local/lib/python3.12/site-packages/airflow/models/taskinstance.py", line 734, in _execute_callable
    return ExecutionCallableRunner(
           ^^^^^^^^^^^^^^^^^^^^^^^^
  File "/home/airflow/.local/lib/python3.12/site-packages/airflow/utils/operator_helpers.py", line 252, in run
    return self.func(*args, **kwargs)
           ^^^^^^^^^^^^^^^^^^^^^^^^^^
  File "/home/airflow/.local/lib/python3.12/site-packages/airflow/models/baseoperator.py", line 424, in wrapper
    return func(self, *args, **kwargs)
           ^^^^^^^^^^^^^^^^^^^^^^^^^^^
  File "/home/airflow/.local/lib/python3.12/site-packages/airflow/operators/python.py", line 238, in execute
    return_value = self.execute_callable()
                   ^^^^^^^^^^^^^^^^^^^^^^^
  File "/home/airflow/.local/lib/python3.12/site-packages/airflow/operators/python.py", line 256, in execute_callable
    return runner.run(*self.op_args, **self.op_kwargs)
           ^^^^^^^^^^^^^^^^^^^^^^^^^^^^^^^^^^^^^^^^^^^
  File "/home/airflow/.local/lib/python3.12/site-packages/airflow/utils/operator_helpers.py", line 252, in run
    return self.func(*args, **kwargs)
           ^^^^^^^^^^^^^^^^^^^^^^^^^^
  File "/opt/airflow/dags/healthcare_claims_pipeline_dag.py", line 37, in run_python_script
    raise RuntimeError(f"Script failed: {script_name}")
RuntimeError: Script failed: bronze_ingestion.py
[2026-06-01T02:15:41.902+0000] {taskinstance.py:1226} INFO - Marking task as UP_FOR_RETRY. dag_id=healthcare_claims_data_platform, task_id=bronze_ingestion, run_id=manual__2026-06-01T02:15:23.360672+00:00, execution_date=20260601T021523, start_date=20260601T021532, end_date=20260601T021541
[2026-06-01T02:15:41.934+0000] {taskinstance.py:341} INFO - ::group::Post task execution logs
[2026-06-01T02:15:41.935+0000] {standard_task_runner.py:124} ERROR - Failed to execute job 11 for task bronze_ingestion (Script failed: bronze_ingestion.py; 63)
Traceback (most recent call last):
  File "/home/airflow/.local/lib/python3.12/site-packages/airflow/task/task_runner/standard_task_runner.py", line 117, in _start_by_fork
    ret = args.func(args, dag=self.dag)
          ^^^^^^^^^^^^^^^^^^^^^^^^^^^^^
  File "/home/airflow/.local/lib/python3.12/site-packages/airflow/cli/cli_config.py", line 49, in command
    return func(*args, **kwargs)
           ^^^^^^^^^^^^^^^^^^^^^
  File "/home/airflow/.local/lib/python3.12/site-packages/airflow/utils/cli.py", line 116, in wrapper
    return f(*args, **kwargs)
           ^^^^^^^^^^^^^^^^^^
  File "/home/airflow/.local/lib/python3.12/site-packages/airflow/cli/commands/task_command.py", line 483, in task_run
    task_return_code = _run_task_by_selected_method(args, _dag, ti)
                       ^^^^^^^^^^^^^^^^^^^^^^^^^^^^^^^^^^^^^^^^^^^^
  File "/home/airflow/.local/lib/python3.12/site-packages/airflow/cli/commands/task_command.py", line 256, in _run_task_by_selected_method
    return _run_raw_task(args, ti)
           ^^^^^^^^^^^^^^^^^^^^^^^
  File "/home/airflow/.local/lib/python3.12/site-packages/airflow/cli/commands/task_command.py", line 341, in _run_raw_task
    return ti._run_raw_task(
           ^^^^^^^^^^^^^^^^^
  File "/home/airflow/.local/lib/python3.12/site-packages/airflow/utils/session.py", line 97, in wrapper
    return func(*args, session=session, **kwargs)
           ^^^^^^^^^^^^^^^^^^^^^^^^^^^^^^^^^^^^^^
  File "/home/airflow/.local/lib/python3.12/site-packages/airflow/models/taskinstance.py", line 3006, in _run_raw_task
    return _run_raw_task(
           ^^^^^^^^^^^^^^
  File "/home/airflow/.local/lib/python3.12/site-packages/airflow/models/taskinstance.py", line 274, in _run_raw_task
    TaskInstance._execute_task_with_callbacks(
  File "/home/airflow/.local/lib/python3.12/site-packages/airflow/models/taskinstance.py", line 3161, in _execute_task_with_callbacks
    result = self._execute_task(context, task_orig)
             ^^^^^^^^^^^^^^^^^^^^^^^^^^^^^^^^^^^^^^
  File "/home/airflow/.local/lib/python3.12/site-packages/airflow/models/taskinstance.py", line 3185, in _execute_task
    return _execute_task(self, context, task_orig)
           ^^^^^^^^^^^^^^^^^^^^^^^^^^^^^^^^^^^^^^^
  File "/home/airflow/.local/lib/python3.12/site-packages/airflow/models/taskinstance.py", line 768, in _execute_task
    result = _execute_callable(context=context, **execute_callable_kwargs)
             ^^^^^^^^^^^^^^^^^^^^^^^^^^^^^^^^^^^^^^^^^^^^^^^^^^^^^^^^^^^^^
  File "/home/airflow/.local/lib/python3.12/site-packages/airflow/models/taskinstance.py", line 734, in _execute_callable
    return ExecutionCallableRunner(
           ^^^^^^^^^^^^^^^^^^^^^^^^
  File "/home/airflow/.local/lib/python3.12/site-packages/airflow/utils/operator_helpers.py", line 252, in run
    return self.func(*args, **kwargs)
           ^^^^^^^^^^^^^^^^^^^^^^^^^^
  File "/home/airflow/.local/lib/python3.12/site-packages/airflow/models/baseoperator.py", line 424, in wrapper
    return func(self, *args, **kwargs)
           ^^^^^^^^^^^^^^^^^^^^^^^^^^^
  File "/home/airflow/.local/lib/python3.12/site-packages/airflow/operators/python.py", line 238, in execute
    return_value = self.execute_callable()
                   ^^^^^^^^^^^^^^^^^^^^^^^
  File "/home/airflow/.local/lib/python3.12/site-packages/airflow/operators/python.py", line 256, in execute_callable
    return runner.run(*self.op_args, **self.op_kwargs)
           ^^^^^^^^^^^^^^^^^^^^^^^^^^^^^^^^^^^^^^^^^^^
  File "/home/airflow/.local/lib/python3.12/site-packages/airflow/utils/operator_helpers.py", line 252, in run
    return self.func(*args, **kwargs)
           ^^^^^^^^^^^^^^^^^^^^^^^^^^
  File "/opt/airflow/dags/healthcare_claims_pipeline_dag.py", line 37, in run_python_script
    raise RuntimeError(f"Script failed: {script_name}")
RuntimeError: Script failed: bronze_ingestion.py
[2026-06-01T02:15:41.956+0000] {local_task_job_runner.py:266} INFO - Task exited with return code 1
[2026-06-01T02:15:41.970+0000] {taskinstance.py:3901} INFO - 0 downstream tasks scheduled from follow-on schedule check
[2026-06-01T02:15:41.971+0000] {local_task_job_runner.py:245} INFO - ::endgroup::
