[2026-06-01T02:31:21.373+0000] {local_task_job_runner.py:123} INFO - ::group::Pre task execution logs
[2026-06-01T02:31:21.384+0000] {taskinstance.py:2614} INFO - Dependencies all met for dep_context=non-requeueable deps ti=<TaskInstance: healthcare_claims_data_platform.generate_raw_data manual__2026-06-01T02:31:18.797941+00:00 [queued]>
[2026-06-01T02:31:21.390+0000] {taskinstance.py:2614} INFO - Dependencies all met for dep_context=requeueable deps ti=<TaskInstance: healthcare_claims_data_platform.generate_raw_data manual__2026-06-01T02:31:18.797941+00:00 [queued]>
[2026-06-01T02:31:21.391+0000] {taskinstance.py:2867} INFO - Starting attempt 1 of 2
[2026-06-01T02:31:21.410+0000] {taskinstance.py:2890} INFO - Executing <Task(PythonOperator): generate_raw_data> on 2026-06-01 02:31:18.797941+00:00
[2026-06-01T02:31:21.415+0000] {standard_task_runner.py:72} INFO - Started process 44 to run task
[2026-06-01T02:31:21.418+0000] {standard_task_runner.py:104} INFO - Running: ['airflow', 'tasks', 'run', 'healthcare_claims_data_platform', 'generate_raw_data', 'manual__2026-06-01T02:31:18.797941+00:00', '--job-id', '14', '--raw', '--subdir', 'DAGS_FOLDER/healthcare_claims_pipeline_dag.py', '--cfg-path', '/tmp/tmpwcdfd_ym']
[2026-06-01T02:31:21.419+0000] {standard_task_runner.py:105} INFO - Job 14: Subtask generate_raw_data
[2026-06-01T02:31:21.486+0000] {task_command.py:467} INFO - Running <TaskInstance: healthcare_claims_data_platform.generate_raw_data manual__2026-06-01T02:31:18.797941+00:00 [running]> on host e1d1798bde02
[2026-06-01T02:31:21.568+0000] {taskinstance.py:3134} INFO - Exporting env vars: AIRFLOW_CTX_DAG_OWNER='janardhan' AIRFLOW_CTX_DAG_ID='healthcare_claims_data_platform' AIRFLOW_CTX_TASK_ID='generate_raw_data' AIRFLOW_CTX_EXECUTION_DATE='2026-06-01T02:31:18.797941+00:00' AIRFLOW_CTX_TRY_NUMBER='1' AIRFLOW_CTX_DAG_RUN_ID='manual__2026-06-01T02:31:18.797941+00:00'
[2026-06-01T02:31:21.569+0000] {taskinstance.py:732} INFO - ::endgroup::
[2026-06-01T02:31:21.591+0000] {logging_mixin.py:190} INFO - ================================================================================
[2026-06-01T02:31:21.591+0000] {logging_mixin.py:190} INFO - Running script: /opt/airflow/scripts/generate_sample_data.py
[2026-06-01T02:31:22.807+0000] {logging_mixin.py:190} INFO - STDOUT:
[2026-06-01T02:31:22.808+0000] {logging_mixin.py:190} INFO - Generated patients.csv with 1000 records
Generated providers.csv with 100 records
Generated claims.csv with 5003 records
Generated payments.csv with 4000 records
Generated claim_status_history.csv with 10000 records
All sample healthcare claims data generated successfully.
[2026-06-01T02:31:22.808+0000] {logging_mixin.py:190} INFO - STDERR:
[2026-06-01T02:31:22.809+0000] {python.py:240} INFO - Done. Returned value was: None
[2026-06-01T02:31:22.816+0000] {taskinstance.py:341} INFO - ::group::Post task execution logs
[2026-06-01T02:31:22.816+0000] {taskinstance.py:353} INFO - Marking task as SUCCESS. dag_id=healthcare_claims_data_platform, task_id=generate_raw_data, run_id=manual__2026-06-01T02:31:18.797941+00:00, execution_date=20260601T023118, start_date=20260601T023121, end_date=20260601T023122
[2026-06-01T02:31:22.881+0000] {local_task_job_runner.py:266} INFO - Task exited with return code 0
[2026-06-01T02:31:22.902+0000] {taskinstance.py:3901} INFO - 1 downstream tasks scheduled from follow-on schedule check
[2026-06-01T02:31:22.911+0000] {local_task_job_runner.py:245} INFO - ::endgroup::
