[2026-06-01T01:44:16.039+0000] {manager.py:483} INFO - Processing files using up to 1 processes at a time 
[2026-06-01T01:44:16.098+0000] {manager.py:484} INFO - Process each file at most once every 30 seconds
[2026-06-01T01:44:16.101+0000] {manager.py:485} INFO - Checking for new files in /opt/airflow/dags every 300 seconds
[2026-06-01T01:44:16.102+0000] {manager.py:821} INFO - Searching for files in /opt/airflow/dags
[2026-06-01T01:44:16.186+0000] {manager.py:824} INFO - There are 0 files in /opt/airflow/dags
[2026-06-01T01:49:16.538+0000] {manager.py:821} INFO - Searching for files in /opt/airflow/dags
[2026-06-01T01:49:16.544+0000] {manager.py:824} INFO - There are 0 files in /opt/airflow/dags
[2026-06-01T01:51:06.705+0000] {manager.py:465} INFO - Exiting gracefully upon receiving signal 15
[2026-06-01T01:51:17.284+0000] {manager.py:483} INFO - Processing files using up to 1 processes at a time 
[2026-06-01T01:51:17.284+0000] {manager.py:484} INFO - Process each file at most once every 30 seconds
[2026-06-01T01:51:17.286+0000] {manager.py:485} INFO - Checking for new files in /opt/airflow/dags every 300 seconds
[2026-06-01T01:51:17.286+0000] {manager.py:821} INFO - Searching for files in /opt/airflow/dags
[2026-06-01T01:51:17.315+0000] {manager.py:824} INFO - There are 1 files in /opt/airflow/dags
[2026-06-01T01:51:17.922+0000] {manager.py:997} INFO - 
================================================================================
DAG File Processing Stats

File Path                                            PID    Runtime      # DAGs    # Errors  Last Runtime    Last Run               Last # of DB Queries
---------------------------------------------------  -----  ---------  --------  ----------  --------------  -------------------  ----------------------
/opt/airflow/dags/healthcare_claims_pipeline_dag.py                           1           0  0.50s           2026-06-01T01:51:17                      45
================================================================================
[2026-06-01T01:51:48.299+0000] {manager.py:997} INFO - 
================================================================================
DAG File Processing Stats

File Path                                            PID    Runtime      # DAGs    # Errors  Last Runtime    Last Run               Last # of DB Queries
---------------------------------------------------  -----  ---------  --------  ----------  --------------  -------------------  ----------------------
/opt/airflow/dags/healthcare_claims_pipeline_dag.py                           1           0  0.21s           2026-06-01T01:51:48                      12
================================================================================
[2026-06-01T01:52:18.590+0000] {manager.py:997} INFO - 
================================================================================
DAG File Processing Stats

File Path                                            PID    Runtime      # DAGs    # Errors  Last Runtime    Last Run               Last # of DB Queries
---------------------------------------------------  -----  ---------  --------  ----------  --------------  -------------------  ----------------------
/opt/airflow/dags/healthcare_claims_pipeline_dag.py                           1           0  0.20s           2026-06-01T01:52:18                      12
================================================================================
[2026-06-01T01:52:49.336+0000] {manager.py:997} INFO - 
================================================================================
DAG File Processing Stats

File Path                                            PID    Runtime      # DAGs    # Errors  Last Runtime    Last Run               Last # of DB Queries
---------------------------------------------------  -----  ---------  --------  ----------  --------------  -------------------  ----------------------
/opt/airflow/dags/healthcare_claims_pipeline_dag.py                           1           0  0.21s           2026-06-01T01:52:49                      12
================================================================================
[2026-06-01T01:53:20.244+0000] {manager.py:997} INFO - 
================================================================================
DAG File Processing Stats

File Path                                            PID    Runtime      # DAGs    # Errors  Last Runtime    Last Run               Last # of DB Queries
---------------------------------------------------  -----  ---------  --------  ----------  --------------  -------------------  ----------------------
/opt/airflow/dags/healthcare_claims_pipeline_dag.py                           1           0  0.12s           2026-06-01T01:53:20                      12
================================================================================
[2026-06-01T01:53:51.592+0000] {manager.py:997} INFO - 
================================================================================
DAG File Processing Stats

File Path                                            PID    Runtime      # DAGs    # Errors  Last Runtime    Last Run               Last # of DB Queries
---------------------------------------------------  -----  ---------  --------  ----------  --------------  -------------------  ----------------------
/opt/airflow/dags/healthcare_claims_pipeline_dag.py                           1           0  0.41s           2026-06-01T01:53:51                      12
================================================================================
[2026-06-01T01:54:22.843+0000] {manager.py:997} INFO - 
================================================================================
DAG File Processing Stats

File Path                                            PID    Runtime      # DAGs    # Errors  Last Runtime    Last Run               Last # of DB Queries
---------------------------------------------------  -----  ---------  --------  ----------  --------------  -------------------  ----------------------
/opt/airflow/dags/healthcare_claims_pipeline_dag.py                           1           0  0.20s           2026-06-01T01:54:22                      12
================================================================================
[2026-06-01T01:54:53.656+0000] {manager.py:997} INFO - 
================================================================================
DAG File Processing Stats

File Path                                            PID    Runtime      # DAGs    # Errors  Last Runtime    Last Run               Last # of DB Queries
---------------------------------------------------  -----  ---------  --------  ----------  --------------  -------------------  ----------------------
/opt/airflow/dags/healthcare_claims_pipeline_dag.py                           1           0  0.30s           2026-06-01T01:54:53                      12
================================================================================
[2026-06-01T01:55:24.360+0000] {manager.py:997} INFO - 
================================================================================
DAG File Processing Stats

File Path                                            PID    Runtime      # DAGs    # Errors  Last Runtime    Last Run               Last # of DB Queries
---------------------------------------------------  -----  ---------  --------  ----------  --------------  -------------------  ----------------------
/opt/airflow/dags/healthcare_claims_pipeline_dag.py                           1           0  0.30s           2026-06-01T01:55:24                      12
================================================================================
[2026-06-01T01:55:54.871+0000] {manager.py:997} INFO - 
================================================================================
DAG File Processing Stats

File Path                                            PID    Runtime      # DAGs    # Errors  Last Runtime    Last Run               Last # of DB Queries
---------------------------------------------------  -----  ---------  --------  ----------  --------------  -------------------  ----------------------
/opt/airflow/dags/healthcare_claims_pipeline_dag.py                           1           0  0.21s           2026-06-01T01:55:54                      12
================================================================================
[2026-06-01T01:56:17.310+0000] {manager.py:821} INFO - Searching for files in /opt/airflow/dags
[2026-06-01T01:56:17.388+0000] {manager.py:824} INFO - There are 1 files in /opt/airflow/dags
[2026-06-01T01:56:25.819+0000] {manager.py:997} INFO - 
================================================================================
DAG File Processing Stats

File Path                                            PID    Runtime      # DAGs    # Errors  Last Runtime    Last Run               Last # of DB Queries
---------------------------------------------------  -----  ---------  --------  ----------  --------------  -------------------  ----------------------
/opt/airflow/dags/healthcare_claims_pipeline_dag.py                           1           0  0.20s           2026-06-01T01:56:25                      12
================================================================================
[2026-06-01T01:56:57.070+0000] {manager.py:997} INFO - 
================================================================================
DAG File Processing Stats

File Path                                            PID    Runtime      # DAGs    # Errors  Last Runtime    Last Run               Last # of DB Queries
---------------------------------------------------  -----  ---------  --------  ----------  --------------  -------------------  ----------------------
/opt/airflow/dags/healthcare_claims_pipeline_dag.py                           1           0  0.31s           2026-06-01T01:56:57                      12
================================================================================
[2026-06-01T01:57:27.916+0000] {manager.py:997} INFO - 
================================================================================
DAG File Processing Stats

File Path                                            PID    Runtime      # DAGs    # Errors  Last Runtime    Last Run               Last # of DB Queries
---------------------------------------------------  -----  ---------  --------  ----------  --------------  -------------------  ----------------------
/opt/airflow/dags/healthcare_claims_pipeline_dag.py                           1           0  0.21s           2026-06-01T01:57:27                      12
================================================================================
[2026-06-01T01:57:59.079+0000] {manager.py:997} INFO - 
================================================================================
DAG File Processing Stats

File Path                                            PID    Runtime      # DAGs    # Errors  Last Runtime    Last Run               Last # of DB Queries
---------------------------------------------------  -----  ---------  --------  ----------  --------------  -------------------  ----------------------
/opt/airflow/dags/healthcare_claims_pipeline_dag.py                           1           0  0.20s           2026-06-01T01:57:59                      12
================================================================================
[2026-06-01T01:58:30.350+0000] {manager.py:997} INFO - 
================================================================================
DAG File Processing Stats

File Path                                            PID    Runtime      # DAGs    # Errors  Last Runtime    Last Run               Last # of DB Queries
---------------------------------------------------  -----  ---------  --------  ----------  --------------  -------------------  ----------------------
/opt/airflow/dags/healthcare_claims_pipeline_dag.py                           1           0  0.21s           2026-06-01T01:58:30                      12
================================================================================
[2026-06-01T01:59:00.851+0000] {manager.py:997} INFO - 
================================================================================
DAG File Processing Stats

File Path                                            PID    Runtime      # DAGs    # Errors  Last Runtime    Last Run               Last # of DB Queries
---------------------------------------------------  -----  ---------  --------  ----------  --------------  -------------------  ----------------------
/opt/airflow/dags/healthcare_claims_pipeline_dag.py                           1           0  0.20s           2026-06-01T01:59:00                      12
================================================================================
[2026-06-01T01:59:21.226+0000] {manager.py:465} INFO - Exiting gracefully upon receiving signal 15
[2026-06-01T02:12:48.142+0000] {manager.py:483} INFO - Processing files using up to 1 processes at a time 
[2026-06-01T02:12:48.143+0000] {manager.py:484} INFO - Process each file at most once every 30 seconds
[2026-06-01T02:12:48.144+0000] {manager.py:485} INFO - Checking for new files in /opt/airflow/dags every 300 seconds
[2026-06-01T02:12:48.145+0000] {manager.py:821} INFO - Searching for files in /opt/airflow/dags
[2026-06-01T02:12:48.163+0000] {manager.py:824} INFO - There are 1 files in /opt/airflow/dags
[2026-06-01T02:12:48.597+0000] {manager.py:997} INFO - 
================================================================================
DAG File Processing Stats

File Path                                            PID    Runtime      # DAGs    # Errors  Last Runtime    Last Run               Last # of DB Queries
---------------------------------------------------  -----  ---------  --------  ----------  --------------  -------------------  ----------------------
/opt/airflow/dags/healthcare_claims_pipeline_dag.py                           1           0  0.31s           2026-06-01T02:12:48                      12
================================================================================
[2026-06-01T02:13:19.829+0000] {manager.py:997} INFO - 
================================================================================
DAG File Processing Stats

File Path                                            PID    Runtime      # DAGs    # Errors  Last Runtime    Last Run               Last # of DB Queries
---------------------------------------------------  -----  ---------  --------  ----------  --------------  -------------------  ----------------------
/opt/airflow/dags/healthcare_claims_pipeline_dag.py                           1           0  0.20s           2026-06-01T02:13:19                      12
================================================================================
[2026-06-01T02:13:51.254+0000] {manager.py:997} INFO - 
================================================================================
DAG File Processing Stats

File Path                                            PID    Runtime      # DAGs    # Errors  Last Runtime    Last Run               Last # of DB Queries
---------------------------------------------------  -----  ---------  --------  ----------  --------------  -------------------  ----------------------
/opt/airflow/dags/healthcare_claims_pipeline_dag.py                           1           0  0.20s           2026-06-01T02:13:51                      12
================================================================================
[2026-06-01T02:14:22.560+0000] {manager.py:997} INFO - 
================================================================================
DAG File Processing Stats

File Path                                            PID    Runtime      # DAGs    # Errors  Last Runtime    Last Run               Last # of DB Queries
---------------------------------------------------  -----  ---------  --------  ----------  --------------  -------------------  ----------------------
/opt/airflow/dags/healthcare_claims_pipeline_dag.py                           1           0  0.20s           2026-06-01T02:14:22                      12
================================================================================
[2026-06-01T02:14:53.563+0000] {manager.py:997} INFO - 
================================================================================
DAG File Processing Stats

File Path                                            PID    Runtime      # DAGs    # Errors  Last Runtime    Last Run               Last # of DB Queries
---------------------------------------------------  -----  ---------  --------  ----------  --------------  -------------------  ----------------------
/opt/airflow/dags/healthcare_claims_pipeline_dag.py                           1           0  0.20s           2026-06-01T02:14:53                      12
================================================================================
[2026-06-01T02:15:24.853+0000] {manager.py:997} INFO - 
================================================================================
DAG File Processing Stats

File Path                                            PID    Runtime      # DAGs    # Errors  Last Runtime    Last Run               Last # of DB Queries
---------------------------------------------------  -----  ---------  --------  ----------  --------------  -------------------  ----------------------
/opt/airflow/dags/healthcare_claims_pipeline_dag.py                           1           0  0.20s           2026-06-01T02:15:24                      12
================================================================================
[2026-06-01T02:15:55.413+0000] {manager.py:997} INFO - 
================================================================================
DAG File Processing Stats

File Path                                            PID    Runtime      # DAGs    # Errors  Last Runtime    Last Run               Last # of DB Queries
---------------------------------------------------  -----  ---------  --------  ----------  --------------  -------------------  ----------------------
/opt/airflow/dags/healthcare_claims_pipeline_dag.py                           1           0  0.20s           2026-06-01T02:15:55                      12
================================================================================
[2026-06-01T02:16:25.704+0000] {manager.py:997} INFO - 
================================================================================
DAG File Processing Stats

File Path                                            PID    Runtime      # DAGs    # Errors  Last Runtime    Last Run               Last # of DB Queries
---------------------------------------------------  -----  ---------  --------  ----------  --------------  -------------------  ----------------------
/opt/airflow/dags/healthcare_claims_pipeline_dag.py                           1           0  0.20s           2026-06-01T02:16:25                      12
================================================================================
[2026-06-01T02:16:56.997+0000] {manager.py:997} INFO - 
================================================================================
DAG File Processing Stats

File Path                                            PID    Runtime      # DAGs    # Errors  Last Runtime    Last Run               Last # of DB Queries
---------------------------------------------------  -----  ---------  --------  ----------  --------------  -------------------  ----------------------
/opt/airflow/dags/healthcare_claims_pipeline_dag.py                           1           0  0.21s           2026-06-01T02:16:56                      12
================================================================================
[2026-06-01T02:17:28.103+0000] {manager.py:997} INFO - 
================================================================================
DAG File Processing Stats

File Path                                            PID    Runtime      # DAGs    # Errors  Last Runtime    Last Run               Last # of DB Queries
---------------------------------------------------  -----  ---------  --------  ----------  --------------  -------------------  ----------------------
/opt/airflow/dags/healthcare_claims_pipeline_dag.py                           1           0  0.30s           2026-06-01T02:17:28                      12
================================================================================
[2026-06-01T02:17:52.285+0000] {manager.py:821} INFO - Searching for files in /opt/airflow/dags
[2026-06-01T02:17:52.297+0000] {manager.py:824} INFO - There are 1 files in /opt/airflow/dags
[2026-06-01T02:17:58.765+0000] {manager.py:997} INFO - 
================================================================================
DAG File Processing Stats

File Path                                            PID    Runtime      # DAGs    # Errors  Last Runtime    Last Run               Last # of DB Queries
---------------------------------------------------  -----  ---------  --------  ----------  --------------  -------------------  ----------------------
/opt/airflow/dags/healthcare_claims_pipeline_dag.py                           1           0  0.20s           2026-06-01T02:17:58                      12
================================================================================
[2026-06-01T02:18:29.976+0000] {manager.py:997} INFO - 
================================================================================
DAG File Processing Stats

File Path                                            PID    Runtime      # DAGs    # Errors  Last Runtime    Last Run               Last # of DB Queries
---------------------------------------------------  -----  ---------  --------  ----------  --------------  -------------------  ----------------------
/opt/airflow/dags/healthcare_claims_pipeline_dag.py                           1           0  0.20s           2026-06-01T02:18:29                      12
================================================================================
[2026-06-01T02:19:00.613+0000] {manager.py:997} INFO - 
================================================================================
DAG File Processing Stats

File Path                                            PID    Runtime      # DAGs    # Errors  Last Runtime    Last Run               Last # of DB Queries
---------------------------------------------------  -----  ---------  --------  ----------  --------------  -------------------  ----------------------
/opt/airflow/dags/healthcare_claims_pipeline_dag.py                           1           0  0.31s           2026-06-01T02:19:00                      12
================================================================================
[2026-06-01T02:19:31.565+0000] {manager.py:997} INFO - 
================================================================================
DAG File Processing Stats

File Path                                            PID    Runtime      # DAGs    # Errors  Last Runtime    Last Run               Last # of DB Queries
---------------------------------------------------  -----  ---------  --------  ----------  --------------  -------------------  ----------------------
/opt/airflow/dags/healthcare_claims_pipeline_dag.py                           1           0  0.21s           2026-06-01T02:19:31                      12
================================================================================
[2026-06-01T02:20:02.668+0000] {manager.py:997} INFO - 
================================================================================
DAG File Processing Stats

File Path                                            PID    Runtime      # DAGs    # Errors  Last Runtime    Last Run               Last # of DB Queries
---------------------------------------------------  -----  ---------  --------  ----------  --------------  -------------------  ----------------------
/opt/airflow/dags/healthcare_claims_pipeline_dag.py                           1           0  0.20s           2026-06-01T02:20:02                      12
================================================================================
[2026-06-01T02:20:21.438+0000] {manager.py:465} INFO - Exiting gracefully upon receiving signal 15
[2026-06-01T02:27:10.304+0000] {manager.py:483} INFO - Processing files using up to 1 processes at a time 
[2026-06-01T02:27:10.323+0000] {manager.py:484} INFO - Process each file at most once every 30 seconds
[2026-06-01T02:27:10.338+0000] {manager.py:485} INFO - Checking for new files in /opt/airflow/dags every 300 seconds
[2026-06-01T02:27:10.344+0000] {manager.py:821} INFO - Searching for files in /opt/airflow/dags
[2026-06-01T02:27:11.315+0000] {manager.py:824} INFO - There are 1 files in /opt/airflow/dags
[2026-06-01T02:27:16.975+0000] {manager.py:997} INFO - 
================================================================================
DAG File Processing Stats

File Path                                            PID    Runtime      # DAGs    # Errors  Last Runtime    Last Run               Last # of DB Queries
---------------------------------------------------  -----  ---------  --------  ----------  --------------  -------------------  ----------------------
/opt/airflow/dags/healthcare_claims_pipeline_dag.py                           1           0  2.64s           2026-06-01T02:27:16                      12
================================================================================
[2026-06-01T02:27:57.278+0000] {manager.py:997} INFO - 
================================================================================
DAG File Processing Stats

File Path                                            PID    Runtime      # DAGs    # Errors  Last Runtime    Last Run               Last # of DB Queries
---------------------------------------------------  -----  ---------  --------  ----------  --------------  -------------------  ----------------------
/opt/airflow/dags/healthcare_claims_pipeline_dag.py                           1           0  5.15s           2026-06-01T02:27:57                      12
================================================================================
[2026-06-01T02:28:28.373+0000] {manager.py:997} INFO - 
================================================================================
DAG File Processing Stats

File Path                                            PID    Runtime      # DAGs    # Errors  Last Runtime    Last Run               Last # of DB Queries
---------------------------------------------------  -----  ---------  --------  ----------  --------------  -------------------  ----------------------
/opt/airflow/dags/healthcare_claims_pipeline_dag.py                           1           0  0.20s           2026-06-01T02:28:28                      12
================================================================================
[2026-06-01T02:28:59.508+0000] {manager.py:997} INFO - 
================================================================================
DAG File Processing Stats

File Path                                            PID    Runtime      # DAGs    # Errors  Last Runtime    Last Run               Last # of DB Queries
---------------------------------------------------  -----  ---------  --------  ----------  --------------  -------------------  ----------------------
/opt/airflow/dags/healthcare_claims_pipeline_dag.py                           1           0  0.30s           2026-06-01T02:28:59                      12
================================================================================
[2026-06-01T02:29:29.796+0000] {manager.py:997} INFO - 
================================================================================
DAG File Processing Stats

File Path                                            PID    Runtime      # DAGs    # Errors  Last Runtime    Last Run               Last # of DB Queries
---------------------------------------------------  -----  ---------  --------  ----------  --------------  -------------------  ----------------------
/opt/airflow/dags/healthcare_claims_pipeline_dag.py                           1           0  0.20s           2026-06-01T02:29:29                      12
================================================================================
[2026-06-01T02:30:00.418+0000] {manager.py:997} INFO - 
================================================================================
DAG File Processing Stats

File Path                                            PID    Runtime      # DAGs    # Errors  Last Runtime    Last Run               Last # of DB Queries
---------------------------------------------------  -----  ---------  --------  ----------  --------------  -------------------  ----------------------
/opt/airflow/dags/healthcare_claims_pipeline_dag.py                           1           0  0.21s           2026-06-01T02:30:00                      12
================================================================================
[2026-06-01T02:30:31.427+0000] {manager.py:997} INFO - 
================================================================================
DAG File Processing Stats

File Path                                            PID    Runtime      # DAGs    # Errors  Last Runtime    Last Run               Last # of DB Queries
---------------------------------------------------  -----  ---------  --------  ----------  --------------  -------------------  ----------------------
/opt/airflow/dags/healthcare_claims_pipeline_dag.py                           1           0  0.30s           2026-06-01T02:30:31                      12
================================================================================
[2026-06-01T02:31:01.723+0000] {manager.py:997} INFO - 
================================================================================
DAG File Processing Stats

File Path                                            PID    Runtime      # DAGs    # Errors  Last Runtime    Last Run               Last # of DB Queries
---------------------------------------------------  -----  ---------  --------  ----------  --------------  -------------------  ----------------------
/opt/airflow/dags/healthcare_claims_pipeline_dag.py                           1           0  0.20s           2026-06-01T02:31:01                      12
================================================================================
[2026-06-01T02:31:37.435+0000] {manager.py:997} INFO - 
================================================================================
DAG File Processing Stats

File Path                                            PID    Runtime      # DAGs    # Errors  Last Runtime    Last Run               Last # of DB Queries
---------------------------------------------------  -----  ---------  --------  ----------  --------------  -------------------  ----------------------
/opt/airflow/dags/healthcare_claims_pipeline_dag.py                           1           0  0.10s           2026-06-01T02:31:37                      12
================================================================================
[2026-06-01T02:32:25.497+0000] {manager.py:821} INFO - Searching for files in /opt/airflow/dags
[2026-06-01T02:32:25.511+0000] {manager.py:824} INFO - There are 1 files in /opt/airflow/dags
[2026-06-01T02:32:25.762+0000] {manager.py:997} INFO - 
================================================================================
DAG File Processing Stats

File Path                                            PID    Runtime      # DAGs    # Errors  Last Runtime    Last Run               Last # of DB Queries
---------------------------------------------------  -----  ---------  --------  ----------  --------------  -------------------  ----------------------
/opt/airflow/dags/healthcare_claims_pipeline_dag.py                           1           0  0.20s           2026-06-01T02:32:25                      12
================================================================================
[2026-06-01T02:32:58.591+0000] {manager.py:997} INFO - 
================================================================================
DAG File Processing Stats

File Path                                            PID    Runtime      # DAGs    # Errors  Last Runtime    Last Run               Last # of DB Queries
---------------------------------------------------  -----  ---------  --------  ----------  --------------  -------------------  ----------------------
/opt/airflow/dags/healthcare_claims_pipeline_dag.py                           1           0  0.20s           2026-06-01T02:32:58                      12
================================================================================
[2026-06-01T02:33:30.220+0000] {manager.py:997} INFO - 
================================================================================
DAG File Processing Stats

File Path                                            PID    Runtime      # DAGs    # Errors  Last Runtime    Last Run               Last # of DB Queries
---------------------------------------------------  -----  ---------  --------  ----------  --------------  -------------------  ----------------------
/opt/airflow/dags/healthcare_claims_pipeline_dag.py                           1           0  0.30s           2026-06-01T02:33:30                      12
================================================================================
[2026-06-01T02:34:00.617+0000] {manager.py:997} INFO - 
================================================================================
DAG File Processing Stats

File Path                                            PID    Runtime      # DAGs    # Errors  Last Runtime    Last Run               Last # of DB Queries
---------------------------------------------------  -----  ---------  --------  ----------  --------------  -------------------  ----------------------
/opt/airflow/dags/healthcare_claims_pipeline_dag.py                           1           0  0.31s           2026-06-01T02:34:00                      12
================================================================================
[2026-06-01T02:34:31.128+0000] {manager.py:997} INFO - 
================================================================================
DAG File Processing Stats

File Path                                            PID    Runtime      # DAGs    # Errors  Last Runtime    Last Run               Last # of DB Queries
---------------------------------------------------  -----  ---------  --------  ----------  --------------  -------------------  ----------------------
/opt/airflow/dags/healthcare_claims_pipeline_dag.py                           1           0  0.20s           2026-06-01T02:34:31                      12
================================================================================
[2026-06-01T02:35:02.415+0000] {manager.py:997} INFO - 
================================================================================
DAG File Processing Stats

File Path                                            PID    Runtime      # DAGs    # Errors  Last Runtime    Last Run               Last # of DB Queries
---------------------------------------------------  -----  ---------  --------  ----------  --------------  -------------------  ----------------------
/opt/airflow/dags/healthcare_claims_pipeline_dag.py                           1           0  0.21s           2026-06-01T02:35:02                      12
================================================================================
[2026-06-01T02:35:33.252+0000] {manager.py:997} INFO - 
================================================================================
DAG File Processing Stats

File Path                                            PID    Runtime      # DAGs    # Errors  Last Runtime    Last Run               Last # of DB Queries
---------------------------------------------------  -----  ---------  --------  ----------  --------------  -------------------  ----------------------
/opt/airflow/dags/healthcare_claims_pipeline_dag.py                           1           0  0.21s           2026-06-01T02:35:33                      12
================================================================================
[2026-06-01T02:36:04.270+0000] {manager.py:997} INFO - 
================================================================================
DAG File Processing Stats

File Path                                            PID    Runtime      # DAGs    # Errors  Last Runtime    Last Run               Last # of DB Queries
---------------------------------------------------  -----  ---------  --------  ----------  --------------  -------------------  ----------------------
/opt/airflow/dags/healthcare_claims_pipeline_dag.py                           1           0  0.31s           2026-06-01T02:36:04                      12
================================================================================
[2026-06-01T02:36:34.831+0000] {manager.py:997} INFO - 
================================================================================
DAG File Processing Stats

File Path                                            PID    Runtime      # DAGs    # Errors  Last Runtime    Last Run               Last # of DB Queries
---------------------------------------------------  -----  ---------  --------  ----------  --------------  -------------------  ----------------------
/opt/airflow/dags/healthcare_claims_pipeline_dag.py                           1           0  0.31s           2026-06-01T02:36:34                      12
================================================================================
[2026-06-01T02:37:05.699+0000] {manager.py:997} INFO - 
================================================================================
DAG File Processing Stats

File Path                                            PID    Runtime      # DAGs    # Errors  Last Runtime    Last Run               Last # of DB Queries
---------------------------------------------------  -----  ---------  --------  ----------  --------------  -------------------  ----------------------
/opt/airflow/dags/healthcare_claims_pipeline_dag.py                           1           0  0.41s           2026-06-01T02:37:05                      12
================================================================================
[2026-06-01T02:37:26.232+0000] {manager.py:821} INFO - Searching for files in /opt/airflow/dags
[2026-06-01T02:37:26.256+0000] {manager.py:824} INFO - There are 1 files in /opt/airflow/dags
[2026-06-01T02:37:36.349+0000] {manager.py:997} INFO - 
================================================================================
DAG File Processing Stats

File Path                                            PID    Runtime      # DAGs    # Errors  Last Runtime    Last Run               Last # of DB Queries
---------------------------------------------------  -----  ---------  --------  ----------  --------------  -------------------  ----------------------
/opt/airflow/dags/healthcare_claims_pipeline_dag.py                           1           0  0.30s           2026-06-01T02:37:36                      12
================================================================================
[2026-06-01T02:38:07.171+0000] {manager.py:997} INFO - 
================================================================================
DAG File Processing Stats

File Path                                            PID    Runtime      # DAGs    # Errors  Last Runtime    Last Run               Last # of DB Queries
---------------------------------------------------  -----  ---------  --------  ----------  --------------  -------------------  ----------------------
/opt/airflow/dags/healthcare_claims_pipeline_dag.py                           1           0  0.31s           2026-06-01T02:38:07                      12
================================================================================
[2026-06-01T02:38:37.695+0000] {manager.py:997} INFO - 
================================================================================
DAG File Processing Stats

File Path                                            PID    Runtime      # DAGs    # Errors  Last Runtime    Last Run               Last # of DB Queries
---------------------------------------------------  -----  ---------  --------  ----------  --------------  -------------------  ----------------------
/opt/airflow/dags/healthcare_claims_pipeline_dag.py                           1           0  0.30s           2026-06-01T02:38:37                      12
================================================================================
[2026-06-01T02:39:09.051+0000] {manager.py:997} INFO - 
================================================================================
DAG File Processing Stats

File Path                                            PID    Runtime      # DAGs    # Errors  Last Runtime    Last Run               Last # of DB Queries
---------------------------------------------------  -----  ---------  --------  ----------  --------------  -------------------  ----------------------
/opt/airflow/dags/healthcare_claims_pipeline_dag.py                           1           0  0.31s           2026-06-01T02:39:09                      12
================================================================================
[2026-06-01T02:39:40.134+0000] {manager.py:997} INFO - 
================================================================================
DAG File Processing Stats

File Path                                            PID    Runtime      # DAGs    # Errors  Last Runtime    Last Run               Last # of DB Queries
---------------------------------------------------  -----  ---------  --------  ----------  --------------  -------------------  ----------------------
/opt/airflow/dags/healthcare_claims_pipeline_dag.py                           1           0  0.20s           2026-06-01T02:39:40                      12
================================================================================
[2026-06-01T02:40:10.965+0000] {manager.py:997} INFO - 
================================================================================
DAG File Processing Stats

File Path                                            PID    Runtime      # DAGs    # Errors  Last Runtime    Last Run               Last # of DB Queries
---------------------------------------------------  -----  ---------  --------  ----------  --------------  -------------------  ----------------------
/opt/airflow/dags/healthcare_claims_pipeline_dag.py                           1           0  0.20s           2026-06-01T02:40:10                      12
================================================================================
[2026-06-01T02:40:42.145+0000] {manager.py:997} INFO - 
================================================================================
DAG File Processing Stats

File Path                                            PID    Runtime      # DAGs    # Errors  Last Runtime    Last Run               Last # of DB Queries
---------------------------------------------------  -----  ---------  --------  ----------  --------------  -------------------  ----------------------
/opt/airflow/dags/healthcare_claims_pipeline_dag.py                           1           0  0.31s           2026-06-01T02:40:42                      12
================================================================================
[2026-06-01T02:41:13.034+0000] {manager.py:997} INFO - 
================================================================================
DAG File Processing Stats

File Path                                            PID    Runtime      # DAGs    # Errors  Last Runtime    Last Run               Last # of DB Queries
---------------------------------------------------  -----  ---------  --------  ----------  --------------  -------------------  ----------------------
/opt/airflow/dags/healthcare_claims_pipeline_dag.py                           1           0  0.31s           2026-06-01T02:41:13                      12
================================================================================
[2026-06-01T02:41:16.170+0000] {manager.py:465} INFO - Exiting gracefully upon receiving signal 15
